Archive member included to satisfy reference by file (symbol)

C:/ST/STM32CubeIDE_1.18.0/STM32CubeIDE/plugins/com.st.stm32cube.ide.mcu.externaltools.gnu-tools-for-stm32.13.3.rel1.win32_1.0.0.202411081344/tools/bin/../lib/gcc/arm-none-eabi/13.3.1/../../../../arm-none-eabi/lib/thumb/v7-m/nofp\libc_nano.a(libc_a-exit.o)
                              C:/ST/STM32CubeIDE_1.18.0/STM32CubeIDE/plugins/com.st.stm32cube.ide.mcu.externaltools.gnu-tools-for-stm32.13.3.rel1.win32_1.0.0.202411081344/tools/bin/../lib/gcc/arm-none-eabi/13.3.1/../../../../arm-none-eabi/lib/thumb/v7-m/nofp/crt0.o (exit)
C:/ST/STM32CubeIDE_1.18.0/STM32CubeIDE/plugins/com.st.stm32cube.ide.mcu.externaltools.gnu-tools-for-stm32.13.3.rel1.win32_1.0.0.202411081344/tools/bin/../lib/gcc/arm-none-eabi/13.3.1/../../../../arm-none-eabi/lib/thumb/v7-m/nofp\libc_nano.a(libc_a-findfp.o)
                              ./Middlewares/Third_Party/FreeRTOS/org/Source/tasks.o (__sf)
C:/ST/STM32CubeIDE_1.18.0/STM32CubeIDE/plugins/com.st.stm32cube.ide.mcu.externaltools.gnu-tools-for-stm32.13.3.rel1.win32_1.0.0.202411081344/tools/bin/../lib/gcc/arm-none-eabi/13.3.1/../../../../arm-none-eabi/lib/thumb/v7-m/nofp\libc_nano.a(libc_a-fwalk.o)
                              C:/ST/STM32CubeIDE_1.18.0/STM32CubeIDE/plugins/com.st.stm32cube.ide.mcu.externaltools.gnu-tools-for-stm32.13.3.rel1.win32_1.0.0.202411081344/tools/bin/../lib/gcc/arm-none-eabi/13.3.1/../../../../arm-none-eabi/lib/thumb/v7-m/nofp\libc_nano.a(libc_a-findfp.o) (_fwalk_sglue)
C:/ST/STM32CubeIDE_1.18.0/STM32CubeIDE/plugins/com.st.stm32cube.ide.mcu.externaltools.gnu-tools-for-stm32.13.3.rel1.win32_1.0.0.202411081344/tools/bin/../lib/gcc/arm-none-eabi/13.3.1/../../../../arm-none-eabi/lib/thumb/v7-m/nofp\libc_nano.a(libc_a-stdio.o)
                              C:/ST/STM32CubeIDE_1.18.0/STM32CubeIDE/plugins/com.st.stm32cube.ide.mcu.externaltools.gnu-tools-for-stm32.13.3.rel1.win32_1.0.0.202411081344/tools/bin/../lib/gcc/arm-none-eabi/13.3.1/../../../../arm-none-eabi/lib/thumb/v7-m/nofp\libc_nano.a(libc_a-findfp.o) (__sread)
C:/ST/STM32CubeIDE_1.18.0/STM32CubeIDE/plugins/com.st.stm32cube.ide.mcu.externaltools.gnu-tools-for-stm32.13.3.rel1.win32_1.0.0.202411081344/tools/bin/../lib/gcc/arm-none-eabi/13.3.1/../../../../arm-none-eabi/lib/thumb/v7-m/nofp\libc_nano.a(libc_a-memcmp.o)
                              ./Middlewares/Third_Party/FreeRTOS/org/Source/tasks.o (memcmp)
C:/ST/STM32CubeIDE_1.18.0/STM32CubeIDE/plugins/com.st.stm32cube.ide.mcu.externaltools.gnu-tools-for-stm32.13.3.rel1.win32_1.0.0.202411081344/tools/bin/../lib/gcc/arm-none-eabi/13.3.1/../../../../arm-none-eabi/lib/thumb/v7-m/nofp\libc_nano.a(libc_a-memset.o)
                              C:/ST/STM32CubeIDE_1.18.0/STM32CubeIDE/plugins/com.st.stm32cube.ide.mcu.externaltools.gnu-tools-for-stm32.13.3.rel1.win32_1.0.0.202411081344/tools/bin/../lib/gcc/arm-none-eabi/13.3.1/../../../../arm-none-eabi/lib/thumb/v7-m/nofp/crt0.o (memset)
C:/ST/STM32CubeIDE_1.18.0/STM32CubeIDE/plugins/com.st.stm32cube.ide.mcu.externaltools.gnu-tools-for-stm32.13.3.rel1.win32_1.0.0.202411081344/tools/bin/../lib/gcc/arm-none-eabi/13.3.1/../../../../arm-none-eabi/lib/thumb/v7-m/nofp\libc_nano.a(libc_a-closer.o)
                              C:/ST/STM32CubeIDE_1.18.0/STM32CubeIDE/plugins/com.st.stm32cube.ide.mcu.externaltools.gnu-tools-for-stm32.13.3.rel1.win32_1.0.0.202411081344/tools/bin/../lib/gcc/arm-none-eabi/13.3.1/../../../../arm-none-eabi/lib/thumb/v7-m/nofp\libc_nano.a(libc_a-stdio.o) (_close_r)
C:/ST/STM32CubeIDE_1.18.0/STM32CubeIDE/plugins/com.st.stm32cube.ide.mcu.externaltools.gnu-tools-for-stm32.13.3.rel1.win32_1.0.0.202411081344/tools/bin/../lib/gcc/arm-none-eabi/13.3.1/../../../../arm-none-eabi/lib/thumb/v7-m/nofp\libc_nano.a(libc_a-reent.o)
                              ./Middlewares/Third_Party/FreeRTOS/org/Source/tasks.o (_reclaim_reent)
C:/ST/STM32CubeIDE_1.18.0/STM32CubeIDE/plugins/com.st.stm32cube.ide.mcu.externaltools.gnu-tools-for-stm32.13.3.rel1.win32_1.0.0.202411081344/tools/bin/../lib/gcc/arm-none-eabi/13.3.1/../../../../arm-none-eabi/lib/thumb/v7-m/nofp\libc_nano.a(libc_a-impure.o)
                              ./Middlewares/Third_Party/FreeRTOS/org/Source/tasks.o (_impure_ptr)
C:/ST/STM32CubeIDE_1.18.0/STM32CubeIDE/plugins/com.st.stm32cube.ide.mcu.externaltools.gnu-tools-for-stm32.13.3.rel1.win32_1.0.0.202411081344/tools/bin/../lib/gcc/arm-none-eabi/13.3.1/../../../../arm-none-eabi/lib/thumb/v7-m/nofp\libc_nano.a(libc_a-lseekr.o)
                              C:/ST/STM32CubeIDE_1.18.0/STM32CubeIDE/plugins/com.st.stm32cube.ide.mcu.externaltools.gnu-tools-for-stm32.13.3.rel1.win32_1.0.0.202411081344/tools/bin/../lib/gcc/arm-none-eabi/13.3.1/../../../../arm-none-eabi/lib/thumb/v7-m/nofp\libc_nano.a(libc_a-stdio.o) (_lseek_r)
[...]
Memory Configuration

Name             Origin             Length             Attributes
RAM              0x20000000         0x00002800         xrw
FLASH            0x08000000         0x00008000         xr
*default*        0x00000000         0xffffffff

Linker script and memory map

LOAD C:/ST/STM32CubeIDE_1.18.0/STM32CubeIDE/plugins/com.st.stm32cube.ide.mcu.externaltools.gnu-tools-for-stm32.13.3.rel1.win32_1.0.0.202411081344/tools/bin/../lib/gcc/arm-none-eabi/13.3.1/thumb/v7-m/nofp/crti.o
LOAD C:/ST/STM32CubeIDE_1.18.0/STM32CubeIDE/plugins/com.st.stm32cube.ide.mcu.externaltools.gnu-tools-for-stm32.13.3.rel1.win32_1.0.0.202411081344/tools/bin/../lib/gcc/arm-none-eabi/13.3.1/thumb/v7-m/nofp/crtbegin.o
LOAD C:/ST/STM32CubeIDE_1.18.0/STM32CubeIDE/plugins/com.st.stm32cube.ide.mcu.externaltools.gnu-tools-for-stm32.13.3.rel1.win32_1.0.0.202411081344/tools/bin/../lib/gcc/arm-none-eabi/13.3.1/../../../../arm-none-eabi/lib/thumb/v7-m/nofp/crt0.o
LOAD ./Core/Src/freertos.o
LOAD ./Core/Src/main.o
LOAD ./Core/Src/stm32f1xx_hal_msp.o
LOAD ./Core/Src/stm32f1xx_hal_timebase_tim.o
LOAD ./Core/Src/stm32f1xx_it.o
LOAD ./Core/Src/syscalls.o
LOAD ./Core/Src/sysmem.o
LOAD ./Core/Src/system_stm32f1xx.o
LOAD ./Core/Startup/startup_stm32f103c6tx.o
LOAD ./Drivers/STM32F1xx_HAL_Driver/Src/stm32f1xx_hal.o
LOAD ./Drivers/STM32F1xx_HAL_Driver/Src/stm32f1xx_hal_can.o
LOAD ./Drivers/STM32F1xx_HAL_Driver/Src/stm32f1xx_hal_cortex.o
LOAD ./Drivers/STM32F1xx_HAL_Driver/Src/stm32f1xx_hal_dma.o
LOAD ./Drivers/STM32F1xx_HAL_Driver/Src/stm32f1xx_hal_exti.o
LOAD ./Drivers/STM32F1xx_HAL_Driver/Src/stm32f1xx_hal_flash.o
LOAD ./Drivers/STM32F1xx_HAL_Driver/Src/stm32f1xx_hal_flash_ex.o
LOAD ./Drivers/STM32F1xx_HAL_Driver/Src/stm32f1xx_hal_gpio.o
LOAD ./Drivers/STM32F1xx_HAL_Driver/Src/stm32f1xx_hal_gpio_ex.o
LOAD ./Drivers/STM32F1xx_HAL_Driver/Src/stm32f1xx_hal_pwr.o
LOAD ./Drivers/STM32F1xx_HAL_Driver/Src/stm32f1xx_hal_rcc.o
LOAD ./Drivers/STM32F1xx_HAL_Driver/Src/stm32f1xx_hal_rcc_ex.o
LOAD ./Drivers/STM32F1xx_HAL_Driver/Src/stm32f1xx_hal_tim.o
LOAD ./Drivers/STM32F1xx_HAL_Driver/Src/stm32f1xx_hal_tim_ex.o
LOAD ./Drivers/STM32F1xx_HAL_Driver/Src/stm32f1xx_hal_uart.o
LOAD ./Middlewares/Third_Party/FreeRTOS/org/Source/CMSIS_RTOS/cmsis_os.o
LOAD ./Middlewares/Third_Party/FreeRTOS/org/Source/croutine.o
LOAD ./Middlewares/Third_Party/FreeRTOS/org/Source/event_groups.o
LOAD ./Middlewares/Third_Party/FreeRTOS/org/Source/list.o
LOAD ./Middlewares/Third_Party/FreeRTOS/org/Source/queue.o
LOAD ./Middlewares/Third_Party/FreeRTOS/org/Source/stream_buffer.o
LOAD ./Middlewares/Third_Party/FreeRTOS/org/Source/tasks.o
LOAD ./Middlewares/Third_Party/FreeRTOS/org/Source/timers.o
LOAD ./Middlewares/Third_Party/FreeRTOS/org/Source/portable/GCC/ARM_CM3/port.o
LOAD ./Middlewares/Third_Party/FreeRTOS/org/Source/portable/MemMang/heap_4.o
LOAD ./Middlewares/Third_Party/SEGGER/Config/SEGGER_SYSVIEW_Config_FreeRTOS.o
LOAD ./Middlewares/Third_Party/SEGGER/OS/FreeRTOSV10/SEGGER_SYSVIEW_FreeRTOS.o
LOAD ./Middlewares/Third_Party/SEGGER/Rec/SEGGER_UART.o
LOAD ./Middlewares/Third_Party/SEGGER/SEGGER/SEGGER_RTT.o
LOAD ./Middlewares/Third_Party/SEGGER/SEGGER/SEGGER_RTT_ASM_ARMv7M.o
LOAD ./Middlewares/Third_Party/SEGGER/SEGGER/SEGGER_SYSVIEW.o
START GROUP
LOAD C:/ST/STM32CubeIDE_1.18.0/STM32CubeIDE/plugins/com.st.stm32cube.ide.mcu.externaltools.gnu-tools-for-stm32.13.3.rel1.win32_1.0.0.202411081344/tools/bin/../lib/gcc/arm-none-eabi/13.3.1/../../../../arm-none-eabi/lib/thumb/v7-m/nofp\libc_nano.a
LOAD C:/ST/STM32CubeIDE_1.18.0/STM32CubeIDE/plugins/com.st.stm32cube.ide.mcu.externaltools.gnu-tools-for-stm32.13.3.rel1.win32_1.0.0.202411081344/tools/bin/../lib/gcc/arm-none-eabi/13.3.1/../../../../arm-none-eabi/lib/thumb/v7-m/nofp\libm.a
END GROUP
START GROUP
LOAD C:/ST/STM32CubeIDE_1.18.0/STM32CubeIDE/plugins/com.st.stm32cube.ide.mcu.externaltools.gnu-tools-for-stm32.13.3.rel1.win32_1.0.0.202411081344/tools/bin/../lib/gcc/arm-none-eabi/13.3.1/thumb/v7-m/nofp\libgcc.a
LOAD C:/ST/STM32CubeIDE_1.18.0/STM32CubeIDE/plugins/com.st.stm32cube.ide.mcu.externaltools.gnu-tools-for-stm32.13.3.rel1.win32_1.0.0.202411081344/tools/bin/../lib/gcc/arm-none-eabi/13.3.1/../../../../arm-none-eabi/lib/thumb/v7-m/nofp\libc_nano.a
END GROUP
START GROUP
LOAD C:/ST/STM32CubeIDE_1.18.0/STM32CubeIDE/plugins/com.st.stm32cube.ide.mcu.externaltools.gnu-tools-for-stm32.13.3.rel1.win32_1.0.0.202411081344/tools/bin/../lib/gcc/arm-none-eabi/13.3.1/thumb/v7-m/nofp\libgcc.a
LOAD C:/ST/STM32CubeIDE_1.18.0/STM32CubeIDE/plugins/com.st.stm32cube.ide.mcu.externaltools.gnu-tools-for-stm32.13.3.rel1.win32_1.0.0.202411081344/tools/bin/../lib/gcc/arm-none-eabi/13.3.1/../../../../arm-none-eabi/lib/thumb/v7-m/nofp\libc_nano.a
LOAD C:/ST/STM32CubeIDE_1.18.0/STM32CubeIDE/plugins/com.st.stm32cube.ide.mcu.externaltools.gnu-tools-for-stm32.13.3.rel1.win32_1.0.0.202411081344/tools/bin/../lib/gcc/arm-none-eabi/13.3.1/../../../../arm-none-eabi/lib/thumb/v7-m/nofp\libnosys.a
END GROUP
START GROUP
LOAD C:/ST/STM32CubeIDE_1.18.0/STM32CubeIDE/plugins/com.st.stm32cube.ide.mcu.externaltools.gnu-tools-for-stm32.13.3.rel1.win32_1.0.0.202411081344/tools/bin/../lib/gcc/arm-none-eabi/13.3.1/thumb/v7-m/nofp\libgcc.a
LOAD C:/ST/STM32CubeIDE_1.18.0/STM32CubeIDE/plugins/com.st.stm32cube.ide.mcu.externaltools.gnu-tools-for-stm32.13.3.rel1.win32_1.0.0.202411081344/tools/bin/../lib/gcc/arm-none-eabi/13.3.1/../../../../arm-none-eabi/lib/thumb/v7-m/nofp\libc_nano.a
LOAD C:/ST/STM32CubeIDE_1.18.0/STM32CubeIDE/plugins/com.st.stm32cube.ide.mcu.externaltools.gnu-tools-for-stm32.13.3.rel1.win32_1.0.0.202411081344/tools/bin/../lib/gcc/arm-none-eabi/13.3.1/../../../../arm-none-eabi/lib/thumb/v7-m/nofp\libnosys.a
END GROUP
LOAD C:/ST/STM32CubeIDE_1.18.0/STM32CubeIDE/plugins/com.st.stm32cube.ide.mcu.externaltools.gnu-tools-for-stm32.13.3.rel1.win32_1.0.0.202411081344/tools/bin/../lib/gcc/arm-none-eabi/13.3.1/thumb/v7-m/nofp/crtend.o
LOAD C:/ST/STM32CubeIDE_1.18.0/STM32CubeIDE/plugins/com.st.stm32cube.ide.mcu.externaltools.gnu-tools-for-stm32.13.3.rel1.win32_1.0.0.202411081344/tools/bin/../lib/gcc/arm-none-eabi/13.3.1/thumb/v7-m/nofp/crtn.o
                0x20002800                        _estack = (ORIGIN (RAM) + LENGTH (RAM))
                0x00000200                        _Min_Heap_Size = 0x200
                0x00000400                        _Min_Stack_Size = 0x400

.isr_vector     0x08000000      0x10c
                0x08000000                        . = ALIGN (0x4)
 *(.isr_vector)
 .isr_vector    0x08000000      0x10c ./Core/Startup/startup_stm32f103c6tx.o
                0x08000000                g_pfnVectors
                0x0800010c                        . = ALIGN (0x4)

.text           0x08000110     0x6d10
                0x08000110                        . = ALIGN (0x4)
 *(.text)
 .text          0x08000110       0x40 C:/ST/STM32CubeIDE_1.18.0/STM32CubeIDE/plugins/com.st.stm32cube.ide.mcu.externaltools.gnu-tools-for-stm32.13.3.rel1.win32_1.0.0.202411081344/tools/bin/../lib/gcc/arm-none-eabi/13.3.1/thumb/v7-m/nofp/crtbegin.o
 .text          0x08000150       0x8c ./Middlewares/Third_Party/SEGGER/SEGGER/SEGGER_RTT_ASM_ARMv7M.o
                0x08000150                SEGGER_RTT_ASM_WriteSkipNoLock
 *(.text*)
 .text.vApplicationGetIdleTaskMemory
                0x080001dc       0x1c ./Core/Src/freertos.o
                0x080001dc                vApplicationGetIdleTaskMemory
 .text.vApplicationGetTimerTaskMemory
                0x080001f8       0x1c ./Core/Src/freertos.o
                0x080001f8                vApplicationGetTimerTaskMemory
 .text.TASK_ManagerPoint
                0x08000214      0x100 ./Core/Src/main.o
                0x08000214                TASK_ManagerPoint
 .text.TASK_LEDColor_Control
                0x08000314       0x78 ./Core/Src/main.o
                0x08000314                TASK_LEDColor_Control
 .text.CAN_RequestCallback
                0x0800038c       0x58 ./Core/Src/main.o
                0x0800038c                CAN_RequestCallback
 .text.CAN_CycleCallback
                0x080003e4       0x5c ./Core/Src/main.o
                0x080003e4                CAN_CycleCallback
 .text.SystemClock_Config
                0x08000440       0x68 ./Core/Src/main.o
                0x08000440                SystemClock_Config
 .text.startup.main
                0x080004a8      0x270 ./Core/Src/main.o
                0x080004a8                main
 .text.LED7_Display
                0x08000718       0xb0 ./Core/Src/main.o
                0x08000718                LED7_Display
 .text.TASK_LED7_DisplayValue
                0x080007c8       0x8c ./Core/Src/main.o
                0x080007c8                TASK_LED7_DisplayValue
 .text.HAL_CAN_RxFifo0MsgPendingCallback
                0x08000854       0xd4 ./Core/Src/main.o
                0x08000854                HAL_CAN_RxFifo0MsgPendingCallback
 .text.HAL_TIM_PeriodElapsedCallback
                0x08000928       0x14 ./Core/Src/main.o
                0x08000928                HAL_TIM_PeriodElapsedCallback
 .text.HAL_MspInit
                0x0800093c       0x50 ./Core/Src/stm32f1xx_hal_msp.o
                0x0800093c                HAL_MspInit
 .text.HAL_CAN_MspInit
                0x0800098c       0x88 ./Core/Src/stm32f1xx_hal_msp.o
                0x0800098c                HAL_CAN_MspInit
 .text.HAL_UART_MspInit
                0x08000a14       0x78 ./Core/Src/stm32f1xx_hal_msp.o
                0x08000a14                HAL_UART_MspInit
 .text.HAL_InitTick
                0x08000a8c       0x98 ./Core/Src/stm32f1xx_hal_timebase_tim.o
                0x08000a8c                HAL_InitTick
 .text.NMI_Handler
                0x08000b24        0x4 ./Core/Src/stm32f1xx_it.o
                0x08000b24                NMI_Handler
 .text.HardFault_Handler
                0x08000b28        0x4 ./Core/Src/stm32f1xx_it.o
                0x08000b28                HardFault_Handler
 .text.MemManage_Handler
                0x08000b2c        0x4 ./Core/Src/stm32f1xx_it.o
                0x08000b2c                MemManage_Handler
 .text.BusFault_Handler
                0x08000b30        0x4 ./Core/Src/stm32f1xx_it.o
                0x08000b30                BusFault_Handler
 .text.UsageFault_Handler
                0x08000b34        0x4 ./Core/Src/stm32f1xx_it.o
                0x08000b34                UsageFault_Handler
 .text.DebugMon_Handler
                0x08000b38        0x4 ./Core/Src/stm32f1xx_it.o
                0x08000b38                DebugMon_Handler
 .text.USB_LP_CAN1_RX0_IRQHandler
                0x08000b3c        0xc ./Core/Src/stm32f1xx_it.o
                0x08000b3c                USB_LP_CAN1_RX0_IRQHandler
 .text.TIM1_UP_IRQHandler
                0x08000b48        0xc ./Core/Src/stm32f1xx_it.o
                0x08000b48                TIM1_UP_IRQHandler
 .text.SystemInit
                0x08000b54        0x4 ./Core/Src/system_stm32f1xx.o
                0x08000b54                SystemInit
 .text.Reset_Handler
                0x08000b58       0x48 ./Core/Startup/startup_stm32f103c6tx.o
                0x08000b58                Reset_Handler
 .text.Default_Handler
                0x08000ba0        0x2 ./Core/Startup/startup_stm32f103c6tx.o
                0x08000ba0                RTC_Alarm_IRQHandler
                0x08000ba0                EXTI2_IRQHandler
                0x08000ba0                TIM1_CC_IRQHandler
                0x08000ba0                PVD_IRQHandler
                0x08000ba0                EXTI3_IRQHandler
                0x08000ba0                EXTI0_IRQHandler
                0x08000ba0                ADC1_2_IRQHandler
                0x08000ba0                SPI1_IRQHandler
                0x08000ba0                TAMPER_IRQHandler
                0x08000ba0                DMA1_Channel4_IRQHandler
                0x08000ba0                RTC_IRQHandler
                0x08000ba0                DMA1_Channel7_IRQHandler
                0x08000ba0                CAN1_RX1_IRQHandler
                0x08000ba0                I2C1_EV_IRQHandler
                0x08000ba0                DMA1_Channel6_IRQHandler
                0x08000ba0                TIM3_IRQHandler
                0x08000ba0                RCC_IRQHandler
                0x08000ba0                TIM1_TRG_COM_IRQHandler
                0x08000ba0                DMA1_Channel1_IRQHandler
                0x08000ba0                Default_Handler
                0x08000ba0                EXTI15_10_IRQHandler
                0x08000ba0                EXTI9_5_IRQHandler
                0x08000ba0                DMA1_Channel5_IRQHandler
                0x08000ba0                EXTI4_IRQHandler
                0x08000ba0                USB_HP_CAN1_TX_IRQHandler
                0x08000ba0                DMA1_Channel3_IRQHandler
                0x08000ba0                WWDG_IRQHandler
                0x08000ba0                TIM2_IRQHandler
                0x08000ba0                TIM1_BRK_IRQHandler
                0x08000ba0                EXTI1_IRQHandler
                0x08000ba0                USART2_IRQHandler
                0x08000ba0                DMA1_Channel2_IRQHandler
                0x08000ba0                CAN1_SCE_IRQHandler
                0x08000ba0                FLASH_IRQHandler
                0x08000ba0                I2C1_ER_IRQHandler
                0x08000ba0                USBWakeUp_IRQHandler
 *fill*         0x08000ba2        0x2 
 .text.HAL_Init
                0x08000ba4       0x24 ./Drivers/STM32F1xx_HAL_Driver/Src/stm32f1xx_hal.o
                0x08000ba4                HAL_Init
 .text.HAL_IncTick
                0x08000bc8       0x18 ./Drivers/STM32F1xx_HAL_Driver/Src/stm32f1xx_hal.o
                0x08000bc8                HAL_IncTick
 .text.HAL_GetTick
                0x08000be0        0xc ./Drivers/STM32F1xx_HAL_Driver/Src/stm32f1xx_hal.o
                0x08000be0                HAL_GetTick
 .text.HAL_Delay
                0x08000bec       0x24 ./Drivers/STM32F1xx_HAL_Driver/Src/stm32f1xx_hal.o
                0x08000bec                HAL_Delay
 .text.HAL_CAN_Init
                0x08000c10      0x104 ./Drivers/STM32F1xx_HAL_Driver/Src/stm32f1xx_hal_can.o
                0x08000c10                HAL_CAN_Init
 .text.HAL_CAN_ConfigFilter
                0x08000d14       0xf8 ./Drivers/STM32F1xx_HAL_Driver/Src/stm32f1xx_hal_can.o
                0x08000d14                HAL_CAN_ConfigFilter
 .text.HAL_CAN_Start
                0x08000e0c       0x5c ./Drivers/STM32F1xx_HAL_Driver/Src/stm32f1xx_hal_can.o
                0x08000e0c                HAL_CAN_Start
 .text.HAL_CAN_AddTxMessage
                0x08000e68       0xa4 ./Drivers/STM32F1xx_HAL_Driver/Src/stm32f1xx_hal_can.o
                0x08000e68                HAL_CAN_AddTxMessage
 .text.HAL_CAN_GetRxMessage
                0x08000f0c      0x108 ./Drivers/STM32F1xx_HAL_Driver/Src/stm32f1xx_hal_can.o
                0x08000f0c                HAL_CAN_GetRxMessage
 .text.HAL_CAN_ActivateNotification
                0x08001014       0x24 ./Drivers/STM32F1xx_HAL_Driver/Src/stm32f1xx_hal_can.o
                0x08001014                HAL_CAN_ActivateNotification
 .text.HAL_CAN_TxMailbox0CompleteCallback
                0x08001038        0x4 ./Drivers/STM32F1xx_HAL_Driver/Src/stm32f1xx_hal_can.o
                0x08001038                HAL_CAN_TxMailbox0CompleteCallback
 .text.HAL_CAN_TxMailbox1CompleteCallback
                0x0800103c        0x4 ./Drivers/STM32F1xx_HAL_Driver/Src/stm32f1xx_hal_can.o
                0x0800103c                HAL_CAN_TxMailbox1CompleteCallback
 .text.HAL_CAN_TxMailbox2CompleteCallback
                0x08001040        0x4 ./Drivers/STM32F1xx_HAL_Driver/Src/stm32f1xx_hal_can.o
                0x08001040                HAL_CAN_TxMailbox2CompleteCallback
 .text.HAL_CAN_TxMailbox0AbortCallback
                0x08001044        0x4 ./Drivers/STM32F1xx_HAL_Driver/Src/stm32f1xx_hal_can.o
                0x08001044                HAL_CAN_TxMailbox0AbortCallback
 .text.HAL_CAN_TxMailbox1AbortCallback
                0x08001048        0x4 ./Drivers/STM32F1xx_HAL_Driver/Src/stm32f1xx_hal_can.o
                0x08001048                HAL_CAN_TxMailbox1AbortCallback
 .text.HAL_CAN_TxMailbox2AbortCallback
                0x0800104c        0x4 ./Drivers/STM32F1xx_HAL_Driver/Src/stm32f1xx_hal_can.o
                0x0800104c                HAL_CAN_TxMailbox2AbortCallback
 .text.HAL_CAN_RxFifo0FullCallback
                0x08001050        0x4 ./Drivers/STM32F1xx_HAL_Driver/Src/stm32f1xx_hal_can.o
                0x08001050                HAL_CAN_RxFifo0FullCallback
 .text.HAL_CAN_RxFifo1MsgPendingCallback
                0x08001054        0x4 ./Drivers/STM32F1xx_HAL_Driver/Src/stm32f1xx_hal_can.o
                0x08001054                HAL_CAN_RxFifo1MsgPendingCallback
 .text.HAL_CAN_RxFifo1FullCallback
                0x08001058        0x4 ./Drivers/STM32F1xx_HAL_Driver/Src/stm32f1xx_hal_can.o
                0x08001058                HAL_CAN_RxFifo1FullCallback
 .text.HAL_CAN_SleepCallback
                0x0800105c        0x4 ./Drivers/STM32F1xx_HAL_Driver/Src/stm32f1xx_hal_can.o
                0x0800105c                HAL_CAN_SleepCallback
 .text.HAL_CAN_WakeUpFromRxMsgCallback
                0x08001060        0x4 ./Drivers/STM32F1xx_HAL_Driver/Src/stm32f1xx_hal_can.o
                0x08001060                HAL_CAN_WakeUpFromRxMsgCallback
 .text.HAL_CAN_ErrorCallback
                0x08001064        0x4 ./Drivers/STM32F1xx_HAL_Driver/Src/stm32f1xx_hal_can.o
                0x08001064                HAL_CAN_ErrorCallback
 .text.HAL_CAN_IRQHandler
                0x08001068      0x2ac ./Drivers/STM32F1xx_HAL_Driver/Src/stm32f1xx_hal_can.o
                0x08001068                HAL_CAN_IRQHandler
 .text.HAL_NVIC_SetPriorityGrouping
                0x08001314       0x24 ./Drivers/STM32F1xx_HAL_Driver/Src/stm32f1xx_hal_cortex.o
                0x08001314                HAL_NVIC_SetPriorityGrouping
 .text.HAL_NVIC_SetPriority
                0x08001338       0x78 ./Drivers/STM32F1xx_HAL_Driver/Src/stm32f1xx_hal_cortex.o
                0x08001338                HAL_NVIC_SetPriority
 .text.HAL_NVIC_EnableIRQ
                0x080013b0       0x1c ./Drivers/STM32F1xx_HAL_Driver/Src/stm32f1xx_hal_cortex.o
                0x080013b0                HAL_NVIC_EnableIRQ
 .text.HAL_GPIO_Init
                0x080013cc      0x3f4 ./Drivers/STM32F1xx_HAL_Driver/Src/stm32f1xx_hal_gpio.o
                0x080013cc                HAL_GPIO_Init
 .text.HAL_GPIO_WritePin
                0x080017c0        0x8 ./Drivers/STM32F1xx_HAL_Driver/Src/stm32f1xx_hal_gpio.o
                0x080017c0                HAL_GPIO_WritePin
 .text.HAL_RCC_OscConfig
                0x080017c8      0x3dc ./Drivers/STM32F1xx_HAL_Driver/Src/stm32f1xx_hal_rcc.o
                0x080017c8                HAL_RCC_OscConfig
 .text.HAL_RCC_ClockConfig
                0x08001ba4      0x184 ./Drivers/STM32F1xx_HAL_Driver/Src/stm32f1xx_hal_rcc.o
                0x08001ba4                HAL_RCC_ClockConfig
 .text.HAL_RCC_GetPCLK1Freq
                0x08001d28       0x20 ./Drivers/STM32F1xx_HAL_Driver/Src/stm32f1xx_hal_rcc.o
                0x08001d28                HAL_RCC_GetPCLK1Freq
 .text.HAL_RCC_GetPCLK2Freq
                0x08001d48       0x20 ./Drivers/STM32F1xx_HAL_Driver/Src/stm32f1xx_hal_rcc.o
                0x08001d48                HAL_RCC_GetPCLK2Freq
 .text.HAL_RCC_GetClockConfig
                0x08001d68       0x40 ./Drivers/STM32F1xx_HAL_Driver/Src/stm32f1xx_hal_rcc.o
                0x08001d68                HAL_RCC_GetClockConfig
 .text.HAL_TIM_Base_MspInit
                0x08001da8        0x4 ./Drivers/STM32F1xx_HAL_Driver/Src/stm32f1xx_hal_tim.o
                0x08001da8                HAL_TIM_Base_MspInit
 .text.HAL_TIM_Base_Init
                0x08001dac       0xd0 ./Drivers/STM32F1xx_HAL_Driver/Src/stm32f1xx_hal_tim.o
                0x08001dac                HAL_TIM_Base_Init
 .text.HAL_TIM_Base_Start_IT
                0x08001e7c       0x50 ./Drivers/STM32F1xx_HAL_Driver/Src/stm32f1xx_hal_tim.o
                0x08001e7c                HAL_TIM_Base_Start_IT
 .text.HAL_TIM_OC_DelayElapsedCallback
                0x08001ecc        0x4 ./Drivers/STM32F1xx_HAL_Driver/Src/stm32f1xx_hal_tim.o
                0x08001ecc                HAL_TIM_OC_DelayElapsedCallback
 .text.HAL_TIM_IC_CaptureCallback
                0x08001ed0        0x4 ./Drivers/STM32F1xx_HAL_Driver/Src/stm32f1xx_hal_tim.o
                0x08001ed0                HAL_TIM_IC_CaptureCallback
 .text.HAL_TIM_PWM_PulseFinishedCallback
                0x08001ed4        0x4 ./Drivers/STM32F1xx_HAL_Driver/Src/stm32f1xx_hal_tim.o
                0x08001ed4                HAL_TIM_PWM_PulseFinishedCallback
 .text.HAL_TIM_TriggerCallback
                0x08001ed8        0x4 ./Drivers/STM32F1xx_HAL_Driver/Src/stm32f1xx_hal_tim.o
                0x08001ed8                HAL_TIM_TriggerCallback
 .text.HAL_TIM_IRQHandler
                0x08001edc      0x138 ./Drivers/STM32F1xx_HAL_Driver/Src/stm32f1xx_hal_tim.o
                0x08001edc                HAL_TIM_IRQHandler
 .text.HAL_TIMEx_CommutCallback
                0x08002014        0x4 ./Drivers/STM32F1xx_HAL_Driver/Src/stm32f1xx_hal_tim_ex.o
                0x08002014                HAL_TIMEx_CommutCallback
 .text.HAL_TIMEx_BreakCallback
                0x08002018        0x4 ./Drivers/STM32F1xx_HAL_Driver/Src/stm32f1xx_hal_tim_ex.o
                0x08002018                HAL_TIMEx_BreakCallback
 .text.HAL_UART_Init
                0x0800201c       0xdc ./Drivers/STM32F1xx_HAL_Driver/Src/stm32f1xx_hal_uart.o
                0x0800201c                HAL_UART_Init
 .text.vListInitialise
                0x080020f8       0x18 ./Middlewares/Third_Party/FreeRTOS/org/Source/list.o
                0x080020f8                vListInitialise
 .text.vListInitialiseItem
                0x08002110        0x8 ./Middlewares/Third_Party/FreeRTOS/org/Source/list.o
                0x08002110                vListInitialiseItem
 .text.vListInsertEnd
                0x08002118       0x1c ./Middlewares/Third_Party/FreeRTOS/org/Source/list.o
                0x08002118                vListInsertEnd
 .text.vListInsert
                0x08002134       0x30 ./Middlewares/Third_Party/FreeRTOS/org/Source/list.o
                0x08002134                vListInsert
 .text.uxListRemove
                0x08002164       0x24 ./Middlewares/Third_Party/FreeRTOS/org/Source/list.o
                0x08002164                uxListRemove
 .text.prvCopyDataToQueue
                0x08002188       0x78 ./Middlewares/Third_Party/FreeRTOS/org/Source/queue.o
 .text.xQueueGenericCreateStatic
                0x08002200       0xf0 ./Middlewares/Third_Party/FreeRTOS/org/Source/queue.o
                0x08002200                xQueueGenericCreateStatic
 .text.xQueueGenericCreate
                0x080022f0       0x90 ./Middlewares/Third_Party/FreeRTOS/org/Source/queue.o
                0x080022f0                xQueueGenericCreate
 .text.xQueueGenericSend
                0x08002380      0x32c ./Middlewares/Third_Party/FreeRTOS/org/Source/queue.o
                0x08002380                xQueueGenericSend
 .text.xQueueGenericSendFromISR
                0x080026ac       0xec ./Middlewares/Third_Party/FreeRTOS/org/Source/queue.o
                0x080026ac                xQueueGenericSendFromISR
 .text.xQueueReceive
                0x08002798      0x338 ./Middlewares/Third_Party/FreeRTOS/org/Source/queue.o
                0x08002798                xQueueReceive
 .text.xQueueSemaphoreTake
                0x08002ad0      0x358 ./Middlewares/Third_Party/FreeRTOS/org/Source/queue.o
                0x08002ad0                xQueueSemaphoreTake
 .text.vQueueAddToRegistry
                0x08002e28       0x60 ./Middlewares/Third_Party/FreeRTOS/org/Source/queue.o
                0x08002e28                vQueueAddToRegistry
 .text.vQueueWaitForMessageRestricted
                0x08002e88       0xc8 ./Middlewares/Third_Party/FreeRTOS/org/Source/queue.o
                0x08002e88                vQueueWaitForMessageRestricted
 .text.prvAddNewTaskToReadyList
                0x08002f50      0x130 ./Middlewares/Third_Party/FreeRTOS/org/Source/tasks.o
 .text.prvAddCurrentTaskToDelayedList
                0x08003080       0xa0 ./Middlewares/Third_Party/FreeRTOS/org/Source/tasks.o
 .text.prvInitialiseNewTask.constprop.0
                0x08003120      0x118 ./Middlewares/Third_Party/FreeRTOS/org/Source/tasks.o
 .text.prvIdleTask
                0x08003238       0xa0 ./Middlewares/Third_Party/FreeRTOS/org/Source/tasks.o
 .text.xTaskIncrementTick.part.0
                0x080032d8      0x15c ./Middlewares/Third_Party/FreeRTOS/org/Source/tasks.o
 .text.xTaskResumeAll.part.0
                0x08003434      0x150 ./Middlewares/Third_Party/FreeRTOS/org/Source/tasks.o
 .text.xTaskCreateStatic
                0x08003584       0x74 ./Middlewares/Third_Party/FreeRTOS/org/Source/tasks.o
                0x08003584                xTaskCreateStatic
 .text.xTaskCreate
                0x080035f8       0x60 ./Middlewares/Third_Party/FreeRTOS/org/Source/tasks.o
                0x080035f8                xTaskCreate
 .text.vTaskDelay
                0x08003658       0x70 ./Middlewares/Third_Party/FreeRTOS/org/Source/tasks.o
                0x08003658                vTaskDelay
 .text.vTaskStartScheduler
                0x080036c8      0x118 ./Middlewares/Third_Party/FreeRTOS/org/Source/tasks.o
                0x080036c8                vTaskStartScheduler
 .text.vTaskSuspendAll
                0x080037e0       0x10 ./Middlewares/Third_Party/FreeRTOS/org/Source/tasks.o
                0x080037e0                vTaskSuspendAll
 .text.xTaskResumeAll
                0x080037f0       0x20 ./Middlewares/Third_Party/FreeRTOS/org/Source/tasks.o
                0x080037f0                xTaskResumeAll
 .text.xTaskGetTickCount
                0x08003810        0xc ./Middlewares/Third_Party/FreeRTOS/org/Source/tasks.o
                0x08003810                xTaskGetTickCount
 .text.xTaskGetTickCountFromISR
                0x0800381c       0x10 ./Middlewares/Third_Party/FreeRTOS/org/Source/tasks.o
                0x0800381c                xTaskGetTickCountFromISR
 .text.xTaskIncrementTick
                0x0800382c       0x20 ./Middlewares/Third_Party/FreeRTOS/org/Source/tasks.o
                0x0800382c                xTaskIncrementTick
 .text.vTaskSwitchContext
                0x0800384c       0xa0 ./Middlewares/Third_Party/FreeRTOS/org/Source/tasks.o
                0x0800384c                vTaskSwitchContext
 .text.vTaskPlaceOnEventList
                0x080038ec       0xb8 ./Middlewares/Third_Party/FreeRTOS/org/Source/tasks.o
                0x080038ec                vTaskPlaceOnEventList
 .text.vTaskPlaceOnEventListRestricted
                0x080039a4       0x44 ./Middlewares/Third_Party/FreeRTOS/org/Source/tasks.o
                0x080039a4                vTaskPlaceOnEventListRestricted
 .text.xTaskRemoveFromEventList
                0x080039e8       0x94 ./Middlewares/Third_Party/FreeRTOS/org/Source/tasks.o
                0x080039e8                xTaskRemoveFromEventList
 .text.vTaskInternalSetTimeOutState
                0x08003a7c       0x18 ./Middlewares/Third_Party/FreeRTOS/org/Source/tasks.o
                0x08003a7c                vTaskInternalSetTimeOutState
 .text.xTaskCheckForTimeOut
                0x08003a94       0x80 ./Middlewares/Third_Party/FreeRTOS/org/Source/tasks.o
                0x08003a94                xTaskCheckForTimeOut
 .text.vTaskMissedYield
                0x08003b14        0xc ./Middlewares/Third_Party/FreeRTOS/org/Source/tasks.o
                0x08003b14                vTaskMissedYield
 .text.xTaskGetSchedulerState
                0x08003b20       0x20 ./Middlewares/Third_Party/FreeRTOS/org/Source/tasks.o
                0x08003b20                xTaskGetSchedulerState
 .text.xTaskPriorityInherit
                0x08003b40       0xa4 ./Middlewares/Third_Party/FreeRTOS/org/Source/tasks.o
                0x08003b40                xTaskPriorityInherit
 .text.xTaskPriorityDisinherit
                0x08003be4       0xbc ./Middlewares/Third_Party/FreeRTOS/org/Source/tasks.o
                0x08003be4                xTaskPriorityDisinherit
 .text.vTaskPriorityDisinheritAfterTimeout
                0x08003ca0       0xc4 ./Middlewares/Third_Party/FreeRTOS/org/Source/tasks.o
                0x08003ca0                vTaskPriorityDisinheritAfterTimeout
 .text.pvTaskIncrementMutexHeldCount
                0x08003d64       0x18 ./Middlewares/Third_Party/FreeRTOS/org/Source/tasks.o
                0x08003d64                pvTaskIncrementMutexHeldCount
 .text.prvSwitchTimerLists
                0x08003d7c       0x98 ./Middlewares/Third_Party/FreeRTOS/org/Source/timers.o
 .text.prvTimerTask
                0x08003e14      0x25c ./Middlewares/Third_Party/FreeRTOS/org/Source/timers.o
 .text.xTimerCreateTimerTask
                0x08004070       0xbc ./Middlewares/Third_Party/FreeRTOS/org/Source/timers.o
                0x08004070                xTimerCreateTimerTask
 .text.xTimerCreate
                0x0800412c       0xd0 ./Middlewares/Third_Party/FreeRTOS/org/Source/timers.o
                0x0800412c                xTimerCreate
 .text.xTimerGenericCommand
                0x080041fc       0x6c ./Middlewares/Third_Party/FreeRTOS/org/Source/timers.o
                0x080041fc                xTimerGenericCommand
 .text.prvPortStartFirstTask
                0x08004268       0x20 ./Middlewares/Third_Party/FreeRTOS/org/Source/portable/GCC/ARM_CM3/port.o
 .text.prvTaskExitError
                0x08004288       0x40 ./Middlewares/Third_Party/FreeRTOS/org/Source/portable/GCC/ARM_CM3/port.o
 .text.pxPortInitialiseStack
                0x080042c8       0x24 ./Middlewares/Third_Party/FreeRTOS/org/Source/portable/GCC/ARM_CM3/port.o
                0x080042c8                pxPortInitialiseStack
 *fill*         0x080042ec        0x4 
 .text.SVC_Handler
                0x080042f0       0x24 ./Middlewares/Third_Party/FreeRTOS/org/Source/portable/GCC/ARM_CM3/port.o
                0x080042f0                SVC_Handler
 .text.vPortEnterCritical
                0x08004314       0x44 ./Middlewares/Third_Party/FreeRTOS/org/Source/portable/GCC/ARM_CM3/port.o
                0x08004314                vPortEnterCritical
 .text.vPortExitCritical
                0x08004358       0x28 ./Middlewares/Third_Party/FreeRTOS/org/Source/portable/GCC/ARM_CM3/port.o
                0x08004358                vPortExitCritical
 .text.PendSV_Handler
                0x08004380       0x44 ./Middlewares/Third_Party/FreeRTOS/org/Source/portable/GCC/ARM_CM3/port.o
                0x08004380                PendSV_Handler
 .text.SysTick_Handler
                0x080043c4       0x40 ./Middlewares/Third_Party/FreeRTOS/org/Source/portable/GCC/ARM_CM3/port.o
                0x080043c4                SysTick_Handler
 .text.vPortSetupTimerInterrupt
                0x08004404       0x2c ./Middlewares/Third_Party/FreeRTOS/org/Source/portable/GCC/ARM_CM3/port.o
                0x08004404                vPortSetupTimerInterrupt
 .text.xPortStartScheduler
                0x08004430       0xec ./Middlewares/Third_Party/FreeRTOS/org/Source/portable/GCC/ARM_CM3/port.o
                0x08004430                xPortStartScheduler
 .text.vPortValidateInterruptPriority
                0x0800451c       0x5c ./Middlewares/Third_Party/FreeRTOS/org/Source/portable/GCC/ARM_CM3/port.o
                0x0800451c                vPortValidateInterruptPriority
 .text.vSetVarulMaxPRIGROUPValue
                0x08004578       0x8c ./Middlewares/Third_Party/FreeRTOS/org/Source/portable/GCC/ARM_CM3/port.o
                0x08004578                vSetVarulMaxPRIGROUPValue
 .text.pvPortMalloc
                0x08004604      0x17c ./Middlewares/Third_Party/FreeRTOS/org/Source/portable/MemMang/heap_4.o
                0x08004604                pvPortMalloc
 .text.vPortFree
                0x08004780       0xd4 ./Middlewares/Third_Party/FreeRTOS/org/Source/portable/MemMang/heap_4.o
                0x08004780                vPortFree
 .text._cbSendSystemDesc
                0x08004854       0x1c ./Middlewares/Third_Party/SEGGER/Config/SEGGER_SYSVIEW_Config_FreeRTOS.o
 .text.SEGGER_SYSVIEW_Conf
                0x08004870       0x28 ./Middlewares/Third_Party/SEGGER/Config/SEGGER_SYSVIEW_Config_FreeRTOS.o
                0x08004870                SEGGER_SYSVIEW_Conf
 .text._cbGetTime
                0x08004898       0x10 ./Middlewares/Third_Party/SEGGER/OS/FreeRTOSV10/SEGGER_SYSVIEW_FreeRTOS.o
 .text._cbSendTaskList
                0x080048a8       0x4c ./Middlewares/Third_Party/SEGGER/OS/FreeRTOSV10/SEGGER_SYSVIEW_FreeRTOS.o
 .text.SYSVIEW_AddTask
                0x080048f4       0x7c ./Middlewares/Third_Party/SEGGER/OS/FreeRTOSV10/SEGGER_SYSVIEW_FreeRTOS.o
                0x080048f4                SYSVIEW_AddTask
 .text._cbOnUARTRx
                0x08004970       0x38 ./Middlewares/Third_Party/SEGGER/Rec/SEGGER_UART.o
 .text._cbOnUARTTx
                0x080049a8       0x30 ./Middlewares/Third_Party/SEGGER/Rec/SEGGER_UART.o
 .text.SEGGER_UART_init
                0x080049d8       0x98 ./Middlewares/Third_Party/SEGGER/Rec/SEGGER_UART.o
                0x080049d8                SEGGER_UART_init
 .text.USART1_IRQHandler
                0x08004a70       0x6c ./Middlewares/Third_Party/SEGGER/Rec/SEGGER_UART.o
                0x08004a70                USART1_IRQHandler
 .text.HIF_UART_EnableTXEInterrupt
                0x08004adc       0x14 ./Middlewares/Third_Party/SEGGER/Rec/SEGGER_UART.o
                0x08004adc                HIF_UART_EnableTXEInterrupt
 .text.SEGGER_RTT_ReadUpBufferNoLock
                0x08004af0      0x168 ./Middlewares/Third_Party/SEGGER/SEGGER/SEGGER_RTT.o
                0x08004af0                SEGGER_RTT_ReadUpBufferNoLock
 .text.SEGGER_RTT_ReadNoLock
                0x08004c58      0x174 ./Middlewares/Third_Party/SEGGER/SEGGER/SEGGER_RTT.o
                0x08004c58                SEGGER_RTT_ReadNoLock
 .text.SEGGER_RTT_WriteDownBuffer
                0x08004dcc      0x1f8 ./Middlewares/Third_Party/SEGGER/SEGGER/SEGGER_RTT.o
                0x08004dcc                SEGGER_RTT_WriteDownBuffer
 .text.SEGGER_RTT_AllocUpBuffer
                0x08004fc4      0x114 ./Middlewares/Third_Party/SEGGER/SEGGER/SEGGER_RTT.o
                0x08004fc4                SEGGER_RTT_AllocUpBuffer
 .text.SEGGER_RTT_ConfigDownBuffer
                0x080050d8       0xfc ./Middlewares/Third_Party/SEGGER/SEGGER/SEGGER_RTT.o
                0x080050d8                SEGGER_RTT_ConfigDownBuffer
 .text.SEGGER_SYSVIEW_Init
                0x080051d4       0x64 ./Middlewares/Third_Party/SEGGER/SEGGER/SEGGER_SYSVIEW.o
                0x080051d4                SEGGER_SYSVIEW_Init
 .text.SEGGER_SYSVIEW_SetRAMBase
                0x08005238        0xc ./Middlewares/Third_Party/SEGGER/SEGGER/SEGGER_SYSVIEW.o
                0x08005238                SEGGER_SYSVIEW_SetRAMBase
 .text.SEGGER_SYSVIEW_ShrinkId
                0x08005244        0xc ./Middlewares/Third_Party/SEGGER/SEGGER/SEGGER_SYSVIEW.o
                0x08005244                SEGGER_SYSVIEW_ShrinkId
 .text.SEGGER_SYSVIEW_SendModule
                0x08005250       0xb8 ./Middlewares/Third_Party/SEGGER/SEGGER/SEGGER_SYSVIEW.o
                0x08005250                SEGGER_SYSVIEW_SendModule
 .text._HandleIncomingPacket
                0x08005308      0x114 ./Middlewares/Third_Party/SEGGER/SEGGER/SEGGER_SYSVIEW.o
 .text._SendPacket
                0x0800541c      0x1e8 ./Middlewares/Third_Party/SEGGER/SEGGER/SEGGER_SYSVIEW.o
 .text.SEGGER_SYSVIEW_RecordU32
                0x08005604       0x3c ./Middlewares/Third_Party/SEGGER/SEGGER/SEGGER_SYSVIEW.o
                0x08005604                SEGGER_SYSVIEW_RecordU32
 .text.SEGGER_SYSVIEW_RecordU32x2
                0x08005640       0x58 ./Middlewares/Third_Party/SEGGER/SEGGER/SEGGER_SYSVIEW.o
                0x08005640                SEGGER_SYSVIEW_RecordU32x2
 .text.SEGGER_SYSVIEW_RecordU32x3
                0x08005698       0x74 ./Middlewares/Third_Party/SEGGER/SEGGER/SEGGER_SYSVIEW.o
                0x08005698                SEGGER_SYSVIEW_RecordU32x3
 .text.SEGGER_SYSVIEW_RecordU32x4
                0x0800570c       0x8c ./Middlewares/Third_Party/SEGGER/SEGGER/SEGGER_SYSVIEW.o
                0x0800570c                SEGGER_SYSVIEW_RecordU32x4
 .text.SEGGER_SYSVIEW_GetSysDesc
                0x08005798       0x84 ./Middlewares/Third_Party/SEGGER/SEGGER/SEGGER_SYSVIEW.o
                0x08005798                SEGGER_SYSVIEW_GetSysDesc
 .text.SEGGER_SYSVIEW_SendTaskInfo
                0x0800581c      0x10c ./Middlewares/Third_Party/SEGGER/SEGGER/SEGGER_SYSVIEW.o
                0x0800581c                SEGGER_SYSVIEW_SendTaskInfo
 .text.SEGGER_SYSVIEW_SendSysDesc
                0x08005928       0x54 ./Middlewares/Third_Party/SEGGER/SEGGER/SEGGER_SYSVIEW.o
                0x08005928                SEGGER_SYSVIEW_SendSysDesc
 .text.SEGGER_SYSVIEW_RecordEnterISR
                0x0800597c       0x50 ./Middlewares/Third_Party/SEGGER/SEGGER/SEGGER_SYSVIEW.o
                0x0800597c                SEGGER_SYSVIEW_RecordEnterISR
 .text.SEGGER_SYSVIEW_OnTaskCreate
                0x080059cc       0x44 ./Middlewares/Third_Party/SEGGER/SEGGER/SEGGER_SYSVIEW.o
                0x080059cc                SEGGER_SYSVIEW_OnTaskCreate
 .text.SEGGER_SYSVIEW_OnTaskStartExec
                0x08005a10       0x44 ./Middlewares/Third_Party/SEGGER/SEGGER/SEGGER_SYSVIEW.o
                0x08005a10                SEGGER_SYSVIEW_OnTaskStartExec
 .text.SEGGER_SYSVIEW_OnTaskStartReady
                0x08005a54       0x44 ./Middlewares/Third_Party/SEGGER/SEGGER/SEGGER_SYSVIEW.o
                0x08005a54                SEGGER_SYSVIEW_OnTaskStartReady
 .text.SEGGER_SYSVIEW_OnTaskStopReady
                0x08005a98       0x5c ./Middlewares/Third_Party/SEGGER/SEGGER/SEGGER_SYSVIEW.o
                0x08005a98                SEGGER_SYSVIEW_OnTaskStopReady
 .text.SEGGER_SYSVIEW_RecordSystime
                0x08005af4       0xa0 ./Middlewares/Third_Party/SEGGER/SEGGER/SEGGER_SYSVIEW.o
                0x08005af4                SEGGER_SYSVIEW_RecordSystime
 .text._PrintUnsigned
                0x08005b94      0x26c ./Middlewares/Third_Party/SEGGER/SEGGER/SEGGER_SYSVIEW.o
 .text.SEGGER_SYSVIEW_Start
                0x08005e00      0x108 ./Middlewares/Third_Party/SEGGER/SEGGER/SEGGER_SYSVIEW.o
                0x08005e00                SEGGER_SYSVIEW_Start
 .text._VPrintTarget
                0x08005f08      0x740 ./Middlewares/Third_Party/SEGGER/SEGGER/SEGGER_SYSVIEW.o
 .text.SEGGER_SYSVIEW_RecordExitISR
                0x08006648      0x11c ./Middlewares/Third_Party/SEGGER/SEGGER/SEGGER_SYSVIEW.o
                0x08006648                SEGGER_SYSVIEW_RecordExitISR
 .text.SEGGER_SYSVIEW_RecordExitISRToScheduler
                0x08006764      0x11c ./Middlewares/Third_Party/SEGGER/SEGGER/SEGGER_SYSVIEW.o
                0x08006764                SEGGER_SYSVIEW_RecordExitISRToScheduler
 .text.SEGGER_SYSVIEW_OnIdle
                0x08006880      0x11c ./Middlewares/Third_Party/SEGGER/SEGGER/SEGGER_SYSVIEW.o
                0x08006880                SEGGER_SYSVIEW_OnIdle
 .text.SEGGER_SYSVIEW_RecordVoid
                0x0800699c      0x1bc ./Middlewares/Third_Party/SEGGER/SEGGER/SEGGER_SYSVIEW.o
                0x0800699c                SEGGER_SYSVIEW_RecordVoid
 .text.SEGGER_SYSVIEW_PrintfTarget
                0x08006b58       0x20 ./Middlewares/Third_Party/SEGGER/SEGGER/SEGGER_SYSVIEW.o
                0x08006b58                SEGGER_SYSVIEW_PrintfTarget
 .text.SEGGER_SYSVIEW_Warn
                0x08006b78       0x5c ./Middlewares/Third_Party/SEGGER/SEGGER/SEGGER_SYSVIEW.o
                0x08006b78                SEGGER_SYSVIEW_Warn
 .text.SEGGER_SYSVIEW_IsStarted
                0x08006bd4       0x38 ./Middlewares/Third_Party/SEGGER/SEGGER/SEGGER_SYSVIEW.o
                0x08006bd4                SEGGER_SYSVIEW_IsStarted
 .text.memcmp   0x08006c0c       0x20 C:/ST/STM32CubeIDE_1.18.0/STM32CubeIDE/plugins/com.st.stm32cube.ide.mcu.externaltools.gnu-tools-for-stm32.13.3.rel1.win32_1.0.0.202411081344/tools/bin/../lib/gcc/arm-none-eabi/13.3.1/../../../../arm-none-eabi/lib/thumb/v7-m/nofp\libc_nano.a(libc_a-memcmp.o)
                0x08006c0c                memcmp
 .text.memset   0x08006c2c       0x10 C:/ST/STM32CubeIDE_1.18.0/STM32CubeIDE/plugins/com.st.stm32cube.ide.mcu.externaltools.gnu-tools-for-stm32.13.3.rel1.win32_1.0.0.202411081344/tools/bin/../lib/gcc/arm-none-eabi/13.3.1/../../../../arm-none-eabi/lib/thumb/v7-m/nofp\libc_nano.a(libc_a-memset.o)
                0x08006c2c                memset
 .text._reclaim_reent
                0x08006c3c       0xbc C:/ST/STM32CubeIDE_1.18.0/STM32CubeIDE/plugins/com.st.stm32cube.ide.mcu.externaltools.gnu-tools-for-stm32.13.3.rel1.win32_1.0.0.202411081344/tools/bin/../lib/gcc/arm-none-eabi/13.3.1/../../../../arm-none-eabi/lib/thumb/v7-m/nofp\libc_nano.a(libc_a-reent.o)
                0x08006c3c                _reclaim_reent
 .text.__libc_init_array
                0x08006cf8       0x48 C:/ST/STM32CubeIDE_1.18.0/STM32CubeIDE/plugins/com.st.stm32cube.ide.mcu.externaltools.gnu-tools-for-stm32.13.3.rel1.win32_1.0.0.202411081344/tools/bin/../lib/gcc/arm-none-eabi/13.3.1/../../../../arm-none-eabi/lib/thumb/v7-m/nofp\libc_nano.a(libc_a-init.o)
                0x08006cf8                __libc_init_array
 .text.__retarget_lock_acquire_recursive
                0x08006d40        0x2 C:/ST/STM32CubeIDE_1.18.0/STM32CubeIDE/plugins/com.st.stm32cube.ide.mcu.externaltools.gnu-tools-for-stm32.13.3.rel1.win32_1.0.0.202411081344/tools/bin/../lib/gcc/arm-none-eabi/13.3.1/../../../../arm-none-eabi/lib/thumb/v7-m/nofp\libc_nano.a(libc_a-lock.o)
                0x08006d40                __retarget_lock_acquire_recursive
 .text.__retarget_lock_release_recursive
                0x08006d42        0x2 C:/ST/STM32CubeIDE_1.18.0/STM32CubeIDE/plugins/com.st.stm32cube.ide.mcu.externaltools.gnu-tools-for-stm32.13.3.rel1.win32_1.0.0.202411081344/tools/bin/../lib/gcc/arm-none-eabi/13.3.1/../../../../arm-none-eabi/lib/thumb/v7-m/nofp\libc_nano.a(libc_a-lock.o)
                0x08006d42                __retarget_lock_release_recursive
 .text.memcpy   0x08006d44       0x1c C:/ST/STM32CubeIDE_1.18.0/STM32CubeIDE/plugins/com.st.stm32cube.ide.mcu.externaltools.gnu-tools-for-stm32.13.3.rel1.win32_1.0.0.202411081344/tools/bin/../lib/gcc/arm-none-eabi/13.3.1/../../../../arm-none-eabi/lib/thumb/v7-m/nofp\libc_nano.a(libc_a-memcpy-stub.o)
                0x08006d44                memcpy
 .text._free_r  0x08006d60       0x90 C:/ST/STM32CubeIDE_1.18.0/STM32CubeIDE/plugins/com.st.stm32cube.ide.mcu.externaltools.gnu-tools-for-stm32.13.3.rel1.win32_1.0.0.202411081344/tools/bin/../lib/gcc/arm-none-eabi/13.3.1/../../../../arm-none-eabi/lib/thumb/v7-m/nofp\libc_nano.a(libc_a-freer.o)
                0x08006d60                _free_r
 .text.__malloc_lock
                0x08006df0        0xc C:/ST/STM32CubeIDE_1.18.0/STM32CubeIDE/plugins/com.st.stm32cube.ide.mcu.externaltools.gnu-tools-for-stm32.13.3.rel1.win32_1.0.0.202411081344/tools/bin/../lib/gcc/arm-none-eabi/13.3.1/../../../../arm-none-eabi/lib/thumb/v7-m/nofp\libc_nano.a(libc_a-mlock.o)
                0x08006df0                __malloc_lock
 .text.__malloc_unlock
                0x08006dfc        0xc C:/ST/STM32CubeIDE_1.18.0/STM32CubeIDE/plugins/com.st.stm32cube.ide.mcu.externaltools.gnu-tools-for-stm32.13.3.rel1.win32_1.0.0.202411081344/tools/bin/../lib/gcc/arm-none-eabi/13.3.1/../../../../arm-none-eabi/lib/thumb/v7-m/nofp\libc_nano.a(libc_a-mlock.o)
                0x08006dfc                __malloc_unlock
 *(.glue_7)
 .glue_7        0x08006e08        0x0 linker stubs
 *(.glue_7t)
 .glue_7t       0x08006e08        0x0 linker stubs
 *(.eh_frame)
 .eh_frame      0x08006e08        0x0 C:/ST/STM32CubeIDE_1.18.0/STM32CubeIDE/plugins/com.st.stm32cube.ide.mcu.externaltools.gnu-tools-for-stm32.13.3.rel1.win32_1.0.0.202411081344/tools/bin/../lib/gcc/arm-none-eabi/13.3.1/thumb/v7-m/nofp/crtbegin.o
 *(.init)
 .init          0x08006e08        0x4 C:/ST/STM32CubeIDE_1.18.0/STM32CubeIDE/plugins/com.st.stm32cube.ide.mcu.externaltools.gnu-tools-for-stm32.13.3.rel1.win32_1.0.0.202411081344/tools/bin/../lib/gcc/arm-none-eabi/13.3.1/thumb/v7-m/nofp/crti.o
                0x08006e08                _init
 .init          0x08006e0c        0x8 C:/ST/STM32CubeIDE_1.18.0/STM32CubeIDE/plugins/com.st.stm32cube.ide.mcu.externaltools.gnu-tools-for-stm32.13.3.rel1.win32_1.0.0.202411081344/tools/bin/../lib/gcc/arm-none-eabi/13.3.1/thumb/v7-m/nofp/crtn.o
 *(.fini)
 .fini          0x08006e14        0x4 C:/ST/STM32CubeIDE_1.18.0/STM32CubeIDE/plugins/com.st.stm32cube.ide.mcu.externaltools.gnu-tools-for-stm32.13.3.rel1.win32_1.0.0.202411081344/tools/bin/../lib/gcc/arm-none-eabi/13.3.1/thumb/v7-m/nofp/crti.o
                0x08006e14                _fini
 .fini          0x08006e18        0x8 C:/ST/STM32CubeIDE_1.18.0/STM32CubeIDE/plugins/com.st.stm32cube.ide.mcu.externaltools.gnu-tools-for-stm32.13.3.rel1.win32_1.0.0.202411081344/tools/bin/../lib/gcc/arm-none-eabi/13.3.1/thumb/v7-m/nofp/crtn.o
                0x08006e20                        . = ALIGN (0x4)
                0x08006e20                        _etext = .

.vfp11_veneer   0x08006e20        0x0
 .vfp11_veneer  0x08006e20        0x0 linker stubs

.v4_bx          0x08006e20        0x0
 .v4_bx         0x08006e20        0x0 linker stubs

.iplt           0x08006e20        0x0
 .iplt          0x08006e20        0x0 C:/ST/STM32CubeIDE_1.18.0/STM32CubeIDE/plugins/com.st.stm32cube.ide.mcu.externaltools.gnu-tools-for-stm32.13.3.rel1.win32_1.0.0.202411081344/tools/bin/../lib/gcc/arm-none-eabi/13.3.1/thumb/v7-m/nofp/crtbegin.o

.rodata         0x08006e20      0x15c
                0x08006e20                        . = ALIGN (0x4)
 *(.rodata)
 *(.rodata*)
 .rodata.TASK_LEDColor_Control.str1.4
                0x08006e20       0xfb ./Core/Src/main.o
                                  0x7 (size before relaxing)
 .rodata.main.str1.4
                0x08006f1b       0x34 ./Core/Src/main.o
 .rodata.TASK_LED7_DisplayValue.str1.4
                0x08006f1b        0x4 ./Core/Src/main.o
 *fill*         0x08006f1b        0x1 
 .rodata.Seg    0x08006f1c        0xa ./Core/Src/main.o
                0x08006f1c                Seg
 *fill*         0x08006f26        0x2 
 .rodata.APBPrescTable
                0x08006f28        0x8 ./Core/Src/system_stm32f1xx.o
                0x08006f28                APBPrescTable
 .rodata.AHBPrescTable
                0x08006f30       0x10 ./Core/Src/system_stm32f1xx.o
                0x08006f30                AHBPrescTable
 .rodata.aPredivFactorTable.0
                0x08006f40        0x2 ./Drivers/STM32F1xx_HAL_Driver/Src/stm32f1xx_hal_rcc.o
 *fill*         0x08006f42        0x2 
 .rodata.aPLLMULFactorTable.1
                0x08006f44       0x10 ./Drivers/STM32F1xx_HAL_Driver/Src/stm32f1xx_hal_rcc.o
 .rodata.vTaskStartScheduler.str1.4
                0x08006f54        0x5 ./Middlewares/Third_Party/FreeRTOS/org/Source/tasks.o
 .rodata.xTimerCreateTimerTask.str1.4
                0x08006f54       0x10 ./Middlewares/Third_Party/FreeRTOS/org/Source/timers.o
 .rodata._cbSendSystemDesc.str1.4
                0x08006f54       0x35 ./Middlewares/Third_Party/SEGGER/Config/SEGGER_SYSVIEW_Config_FreeRTOS.o
 .rodata.SYSVIEW_AddTask.str1.4
                0x08006f54       0x58 ./Middlewares/Third_Party/SEGGER/OS/FreeRTOSV10/SEGGER_SYSVIEW_FreeRTOS.o
 .rodata.SYSVIEW_X_OS_TraceAPI
                0x08006f54        0x8 ./Middlewares/Third_Party/SEGGER/OS/FreeRTOSV10/SEGGER_SYSVIEW_FreeRTOS.o
                0x08006f54                SYSVIEW_X_OS_TraceAPI
 .rodata._abHelloMsg
                0x08006f5c        0x4 ./Middlewares/Third_Party/SEGGER/Rec/SEGGER_UART.o
 .rodata.SEGGER_RTT_ReadUpBufferNoLock.str1.4
                0x08006f60        0x9 ./Middlewares/Third_Party/SEGGER/SEGGER/SEGGER_RTT.o
 .rodata.SEGGER_SYSVIEW_Init.str1.4
                0x08006f60        0x8 ./Middlewares/Third_Party/SEGGER/SEGGER/SEGGER_SYSVIEW.o
 .rodata._VPrintTarget.str1.4
                0x08006f60        0x7 ./Middlewares/Third_Party/SEGGER/SEGGER/SEGGER_SYSVIEW.o
 .rodata._aV2C.0
                0x08006f60       0x10 ./Middlewares/Third_Party/SEGGER/SEGGER/SEGGER_SYSVIEW.o
 .rodata._abSync
                0x08006f70        0xa ./Middlewares/Third_Party/SEGGER/SEGGER/SEGGER_SYSVIEW.o
                0x08006fac                        . = ALIGN (0x4)
 *fill*         0x08006f7a        0x2 

.ARM.extab      0x08006f7c        0x0
                0x08006f7c                        . = ALIGN (0x4)
 *(.ARM.extab* .gnu.linkonce.armextab.*)
                0x08006f7c                        . = ALIGN (0x4)

.ARM            0x08006f7c        0x0
                0x08006f7c                        . = ALIGN (0x4)
                0x08006f7c                        __exidx_start = .
 *(.ARM.exidx*)
                0x08006f7c                        __exidx_end = .
                0x08006f7c                        . = ALIGN (0x4)

.preinit_array  0x08006f7c        0x0
                0x08006f7c                        . = ALIGN (0x4)
                0x08006f7c                        PROVIDE (__preinit_array_start = .)
 *(.preinit_array*)
                0x08006f7c                        PROVIDE (__preinit_array_end = .)
                0x08006f7c                        . = ALIGN (0x4)

.init_array     0x08006f7c        0x4
                0x08006f7c                        . = ALIGN (0x4)
                0x08006f7c                        PROVIDE (__init_array_start = .)
 *(SORT_BY_NAME(.init_array.*))
 *(.init_array*)
 .init_array    0x08006f7c        0x4 C:/ST/STM32CubeIDE_1.18.0/STM32CubeIDE/plugins/com.st.stm32cube.ide.mcu.externaltools.gnu-tools-for-stm32.13.3.rel1.win32_1.0.0.202411081344/tools/bin/../lib/gcc/arm-none-eabi/13.3.1/thumb/v7-m/nofp/crtbegin.o
                0x08006f80                        PROVIDE (__init_array_end = .)
                0x08006f80                        . = ALIGN (0x4)

.fini_array     0x08006f80        0x4
                0x08006f80                        . = ALIGN (0x4)
                [!provide]                        PROVIDE (__fini_array_start = .)
 *(SORT_BY_NAME(.fini_array.*))
 *(.fini_array*)
 .fini_array    0x08006f80        0x4 C:/ST/STM32CubeIDE_1.18.0/STM32CubeIDE/plugins/com.st.stm32cube.ide.mcu.externaltools.gnu-tools-for-stm32.13.3.rel1.win32_1.0.0.202411081344/tools/bin/../lib/gcc/arm-none-eabi/13.3.1/thumb/v7-m/nofp/crtbegin.o
                [!provide]                        PROVIDE (__fini_array_end = .)
                0x08006f84                        . = ALIGN (0x4)
                0x08006f84                        _sidata = LOADADDR (.data)

.rel.dyn        0x08006f84        0x0
 .rel.iplt      0x08006f84        0x0 C:/ST/STM32CubeIDE_1.18.0/STM32CubeIDE/plugins/com.st.stm32cube.ide.mcu.externaltools.gnu-tools-for-stm32.13.3.rel1.win32_1.0.0.202411081344/tools/bin/../lib/gcc/arm-none-eabi/13.3.1/thumb/v7-m/nofp/crtbegin.o

.data           0x20000000       0x84 load address 0x08006f84
                0x20000000                        . = ALIGN (0x4)
                0x20000000                        _sdata = .
 *(.data)
 *(.data*)
 .data.station  0x20000000       0x1c ./Core/Src/main.o
                0x20000000                station
 .data.SystemCoreClock
                0x2000001c        0x4 ./Core/Src/system_stm32f1xx.o
                0x2000001c                SystemCoreClock
 .data.uwTickFreq
                0x20000020        0x1 ./Drivers/STM32F1xx_HAL_Driver/Src/stm32f1xx_hal.o
                0x20000020                uwTickFreq
 *fill*         0x20000021        0x3 
 .data.uwTickPrio
                0x20000024        0x4 ./Drivers/STM32F1xx_HAL_Driver/Src/stm32f1xx_hal.o
                0x20000024                uwTickPrio
 .data.uxCriticalNesting
                0x20000028        0x4 ./Middlewares/Third_Party/FreeRTOS/org/Source/portable/GCC/ARM_CM3/port.o
 .data._SVInfo  0x2000002c        0x8 ./Middlewares/Third_Party/SEGGER/Rec/SEGGER_UART.o
 .data._impure_ptr
                0x20000034        0x4 C:/ST/STM32CubeIDE_1.18.0/STM32CubeIDE/plugins/com.st.stm32cube.ide.mcu.externaltools.gnu-tools-for-stm32.13.3.rel1.win32_1.0.0.202411081344/tools/bin/../lib/gcc/arm-none-eabi/13.3.1/../../../../arm-none-eabi/lib/thumb/v7-m/nofp\libc_nano.a(libc_a-impure.o)
                0x20000034                _impure_ptr
 .data._impure_data
                0x20000038       0x4c C:/ST/STM32CubeIDE_1.18.0/STM32CubeIDE/plugins/com.st.stm32cube.ide.mcu.externaltools.gnu-tools-for-stm32.13.3.rel1.win32_1.0.0.202411081344/tools/bin/../lib/gcc/arm-none-eabi/13.3.1/../../../../arm-none-eabi/lib/thumb/v7-m/nofp\libc_nano.a(libc_a-impure.o)
                0x20000038                _impure_data
 *(.RamFunc)
 *(.RamFunc*)
                0x20000084                        . = ALIGN (0x4)
                0x20000084                        _edata = .

.igot.plt       0x20000084        0x0 load address 0x08007008
 .igot.plt      0x20000084        0x0 C:/ST/STM32CubeIDE_1.18.0/STM32CubeIDE/plugins/com.st.stm32cube.ide.mcu.externaltools.gnu-tools-for-stm32.13.3.rel1.win32_1.0.0.202411081344/tools/bin/../lib/gcc/arm-none-eabi/13.3.1/thumb/v7-m/nofp/crtbegin.o
                0x20000084                        . = ALIGN (0x4)

.bss            0x20000088     0x1f04 load address 0x08007008
                0x20000088                        _sbss = .
                0x20000088                        __bss_start__ = _sbss
 *(.bss)
 .bss           0x20000088       0x1c C:/ST/STM32CubeIDE_1.18.0/STM32CubeIDE/plugins/com.st.stm32cube.ide.mcu.externaltools.gnu-tools-for-stm32.13.3.rel1.win32_1.0.0.202411081344/tools/bin/../lib/gcc/arm-none-eabi/13.3.1/thumb/v7-m/nofp/crtbegin.o
 *(.bss*)
 .bss.xTimerStack
                0x200000a4      0x400 ./Core/Src/freertos.o
 .bss.xTimerTaskTCBBuffer
                0x200004a4       0xa8 ./Core/Src/freertos.o
 .bss.xIdleStack
                0x2000054c      0x200 ./Core/Src/freertos.o
 .bss.xIdleTaskTCBBuffer
                0x2000074c       0xa8 ./Core/Src/freertos.o
 .bss.xCANRequest
                0x200007f4        0x4 ./Core/Src/main.o
                0x200007f4                xCANRequest
 .bss.xCANCycle
                0x200007f8        0x4 ./Core/Src/main.o
                0x200007f8                xCANCycle
 .bss.xGetReq   0x200007fc        0x4 ./Core/Src/main.o
                0x200007fc                xGetReq
 .bss.xChangeState
                0x20000800        0x4 ./Core/Src/main.o
                0x20000800                xChangeState
 .bss.xQueue_LED7Seg
                0x20000804        0x4 ./Core/Src/main.o
                0x20000804                xQueue_LED7Seg
 .bss.xQueue_LEDColor
                0x20000808        0x4 ./Core/Src/main.o
                0x20000808                xQueue_LEDColor
 .bss.canMailbox
                0x2000080c        0x4 ./Core/Src/main.o
                0x2000080c                canMailbox
 .bss.canfil    0x20000810       0x28 ./Core/Src/main.o
                0x20000810                canfil
 .bss.canRX     0x20000838        0x8 ./Core/Src/main.o
                0x20000838                canRX
 .bss.txHeader  0x20000840       0x18 ./Core/Src/main.o
                0x20000840                txHeader
 .bss.rxHeader  0x20000858       0x1c ./Core/Src/main.o
                0x20000858                rxHeader
 .bss.canTxData
                0x20000874        0x8 ./Core/Src/main.o
                0x20000874                canTxData
 .bss.huart1    0x2000087c       0x48 ./Core/Src/main.o
                0x2000087c                huart1
 .bss.hcan      0x200008c4       0x28 ./Core/Src/main.o
                0x200008c4                hcan
 .bss.htim1     0x200008ec       0x48 ./Core/Src/stm32f1xx_hal_timebase_tim.o
                0x200008ec                htim1
 .bss.uwTick    0x20000934        0x4 ./Drivers/STM32F1xx_HAL_Driver/Src/stm32f1xx_hal.o
                0x20000934                uwTick
 .bss.xQueueRegistry
                0x20000938       0x40 ./Middlewares/Third_Party/FreeRTOS/org/Source/queue.o
                0x20000938                xQueueRegistry
 .bss.uxSchedulerSuspended
                0x20000978        0x4 ./Middlewares/Third_Party/FreeRTOS/org/Source/tasks.o
 .bss.xNextTaskUnblockTime
                0x2000097c        0x4 ./Middlewares/Third_Party/FreeRTOS/org/Source/tasks.o
 .bss.uxTaskNumber
                0x20000980        0x4 ./Middlewares/Third_Party/FreeRTOS/org/Source/tasks.o
 .bss.xNumOfOverflows
                0x20000984        0x4 ./Middlewares/Third_Party/FreeRTOS/org/Source/tasks.o
 .bss.xYieldPending
                0x20000988        0x4 ./Middlewares/Third_Party/FreeRTOS/org/Source/tasks.o
 .bss.xPendedTicks
                0x2000098c        0x4 ./Middlewares/Third_Party/FreeRTOS/org/Source/tasks.o
 .bss.xSchedulerRunning
                0x20000990        0x4 ./Middlewares/Third_Party/FreeRTOS/org/Source/tasks.o
 .bss.uxTopReadyPriority
                0x20000994        0x4 ./Middlewares/Third_Party/FreeRTOS/org/Source/tasks.o
 .bss.xTickCount
                0x20000998        0x4 ./Middlewares/Third_Party/FreeRTOS/org/Source/tasks.o
 .bss.uxCurrentNumberOfTasks
                0x2000099c        0x4 ./Middlewares/Third_Party/FreeRTOS/org/Source/tasks.o
 .bss.xSuspendedTaskList
                0x200009a0       0x14 ./Middlewares/Third_Party/FreeRTOS/org/Source/tasks.o
 .bss.uxDeletedTasksWaitingCleanUp
                0x200009b4        0x4 ./Middlewares/Third_Party/FreeRTOS/org/Source/tasks.o
 .bss.xTasksWaitingTermination
                0x200009b8       0x14 ./Middlewares/Third_Party/FreeRTOS/org/Source/tasks.o
 .bss.xPendingReadyList
                0x200009cc       0x14 ./Middlewares/Third_Party/FreeRTOS/org/Source/tasks.o
 .bss.pxOverflowDelayedTaskList
                0x200009e0        0x4 ./Middlewares/Third_Party/FreeRTOS/org/Source/tasks.o
 .bss.pxDelayedTaskList
                0x200009e4        0x4 ./Middlewares/Third_Party/FreeRTOS/org/Source/tasks.o
 .bss.xDelayedTaskList2
                0x200009e8       0x14 ./Middlewares/Third_Party/FreeRTOS/org/Source/tasks.o
 .bss.xDelayedTaskList1
                0x200009fc       0x14 ./Middlewares/Third_Party/FreeRTOS/org/Source/tasks.o
 .bss.pxReadyTasksLists
                0x20000a10       0x8c ./Middlewares/Third_Party/FreeRTOS/org/Source/tasks.o
 .bss.pxCurrentTCB
                0x20000a9c        0x4 ./Middlewares/Third_Party/FreeRTOS/org/Source/tasks.o
                0x20000a9c                pxCurrentTCB
 .bss.xStaticTimerQueue.0
                0x20000aa0       0x50 ./Middlewares/Third_Party/FreeRTOS/org/Source/timers.o
 .bss.ucStaticTimerQueueStorage.1
                0x20000af0       0x78 ./Middlewares/Third_Party/FreeRTOS/org/Source/timers.o
 .bss.xLastTime.2
                0x20000b68        0x4 ./Middlewares/Third_Party/FreeRTOS/org/Source/timers.o
 .bss.xTimerTaskHandle
                0x20000b6c        0x4 ./Middlewares/Third_Party/FreeRTOS/org/Source/timers.o
 .bss.xTimerQueue
                0x20000b70        0x4 ./Middlewares/Third_Party/FreeRTOS/org/Source/timers.o
 .bss.pxOverflowTimerList
                0x20000b74        0x4 ./Middlewares/Third_Party/FreeRTOS/org/Source/timers.o
 .bss.pxCurrentTimerList
                0x20000b78        0x4 ./Middlewares/Third_Party/FreeRTOS/org/Source/timers.o
 .bss.xActiveTimerList2
                0x20000b7c       0x14 ./Middlewares/Third_Party/FreeRTOS/org/Source/timers.o
 .bss.xActiveTimerList1
                0x20000b90       0x14 ./Middlewares/Third_Party/FreeRTOS/org/Source/timers.o
 .bss.ulMaxPRIGROUPValue
                0x20000ba4        0x4 ./Middlewares/Third_Party/FreeRTOS/org/Source/portable/GCC/ARM_CM3/port.o
 .bss.ucMaxSysCallPriority
                0x20000ba8        0x1 ./Middlewares/Third_Party/FreeRTOS/org/Source/portable/GCC/ARM_CM3/port.o
 *fill*         0x20000ba9        0x3 
 .bss.xBlockAllocatedBit
                0x20000bac        0x4 ./Middlewares/Third_Party/FreeRTOS/org/Source/portable/MemMang/heap_4.o
 .bss.xNumberOfSuccessfulFrees
                0x20000bb0        0x4 ./Middlewares/Third_Party/FreeRTOS/org/Source/portable/MemMang/heap_4.o
 .bss.xNumberOfSuccessfulAllocations
                0x20000bb4        0x4 ./Middlewares/Third_Party/FreeRTOS/org/Source/portable/MemMang/heap_4.o
 .bss.xMinimumEverFreeBytesRemaining
                0x20000bb8        0x4 ./Middlewares/Third_Party/FreeRTOS/org/Source/portable/MemMang/heap_4.o
 .bss.xFreeBytesRemaining
                0x20000bbc        0x4 ./Middlewares/Third_Party/FreeRTOS/org/Source/portable/MemMang/heap_4.o
 .bss.pxEnd     0x20000bc0        0x4 ./Middlewares/Third_Party/FreeRTOS/org/Source/portable/MemMang/heap_4.o
 .bss.xStart    0x20000bc4        0x8 ./Middlewares/Third_Party/FreeRTOS/org/Source/portable/MemMang/heap_4.o
 .bss.ucHeap    0x20000bcc      0xc00 ./Middlewares/Third_Party/FreeRTOS/org/Source/portable/MemMang/heap_4.o
 .bss._NumTasks
                0x200017cc        0x4 ./Middlewares/Third_Party/SEGGER/OS/FreeRTOSV10/SEGGER_SYSVIEW_FreeRTOS.o
 .bss._aTasks   0x200017d0       0xa0 ./Middlewares/Third_Party/SEGGER/OS/FreeRTOSV10/SEGGER_SYSVIEW_FreeRTOS.o
 .bss._cbOnTx   0x20001870        0x4 ./Middlewares/Third_Party/SEGGER/Rec/SEGGER_UART.o
 .bss._cbOnRx   0x20001874        0x4 ./Middlewares/Third_Party/SEGGER/Rec/SEGGER_UART.o
 .bss._acDownBuffer
                0x20001878       0x10 ./Middlewares/Third_Party/SEGGER/SEGGER/SEGGER_RTT.o
 .bss._acUpBuffer
                0x20001888        0x2 ./Middlewares/Third_Party/SEGGER/SEGGER/SEGGER_RTT.o
 *fill*         0x2000188a        0x2 
 .bss._SEGGER_RTT
                0x2000188c       0xa8 ./Middlewares/Third_Party/SEGGER/SEGGER/SEGGER_RTT.o
                0x2000188c                _SEGGER_RTT
 .bss._aPacket  0x20001934       0xe3 ./Middlewares/Third_Party/SEGGER/SEGGER/SEGGER_SYSVIEW.o
 .bss._NumModules
                0x20001a17        0x1 ./Middlewares/Third_Party/SEGGER/SEGGER/SEGGER_SYSVIEW.o
 .bss._pFirstModule
                0x20001a18        0x4 ./Middlewares/Third_Party/SEGGER/SEGGER/SEGGER_SYSVIEW.o
 .bss._SYSVIEW_Globals
                0x20001a1c       0x28 ./Middlewares/Third_Party/SEGGER/SEGGER/SEGGER_SYSVIEW.o
 .bss._DownBuffer
                0x20001a44        0x8 ./Middlewares/Third_Party/SEGGER/SEGGER/SEGGER_SYSVIEW.o
 .bss._UpBuffer
                0x20001a4c      0x400 ./Middlewares/Third_Party/SEGGER/SEGGER/SEGGER_SYSVIEW.o
 .bss.__sf      0x20001e4c      0x138 C:/ST/STM32CubeIDE_1.18.0/STM32CubeIDE/plugins/com.st.stm32cube.ide.mcu.externaltools.gnu-tools-for-stm32.13.3.rel1.win32_1.0.0.202411081344/tools/bin/../lib/gcc/arm-none-eabi/13.3.1/../../../../arm-none-eabi/lib/thumb/v7-m/nofp\libc_nano.a(libc_a-findfp.o)
                0x20001e4c                __sf
 .bss.__lock___malloc_recursive_mutex
                0x20001f84        0x1 C:/ST/STM32CubeIDE_1.18.0/STM32CubeIDE/plugins/com.st.stm32cube.ide.mcu.externaltools.gnu-tools-for-stm32.13.3.rel1.win32_1.0.0.202411081344/tools/bin/../lib/gcc/arm-none-eabi/13.3.1/../../../../arm-none-eabi/lib/thumb/v7-m/nofp\libc_nano.a(libc_a-lock.o)
                0x20001f84                __lock___malloc_recursive_mutex
 *fill*         0x20001f85        0x3 
 .bss.__malloc_free_list
                0x20001f88        0x4 C:/ST/STM32CubeIDE_1.18.0/STM32CubeIDE/plugins/com.st.stm32cube.ide.mcu.externaltools.gnu-tools-for-stm32.13.3.rel1.win32_1.0.0.202411081344/tools/bin/../lib/gcc/arm-none-eabi/13.3.1/../../../../arm-none-eabi/lib/thumb/v7-m/nofp\libc_nano.a(libc_a-mallocr.o)
                0x20001f88                __malloc_free_list
 *(COMMON)
                0x20001f8c                        . = ALIGN (0x4)
                0x20001f8c                        _ebss = .
                0x20001f8c                        __bss_end__ = _ebss

._user_heap_stack
                0x20001f8c      0x604 load address 0x08007008
                0x20001f90                        . = ALIGN (0x8)
 *fill*         0x20001f8c        0x4 
                [!provide]                        PROVIDE (end = .)
                0x20001f90                        PROVIDE (_end = .)
                0x20002190                        . = (. + _Min_Heap_Size)
 *fill*         0x20001f90      0x200 
                0x20002590                        . = (. + _Min_Stack_Size)
 *fill*         0x20002190      0x400 
                0x20002590                        . = ALIGN (0x8)

/DISCARD/
 libc.a(*)
 libm.a(*)
 libgcc.a(*)

.ARM.attributes
                0x00000000       0x29
 *(.ARM.attributes)
 .ARM.attributes
                0x00000000       0x1d C:/ST/STM32CubeIDE_1.18.0/STM32CubeIDE/plugins/com.st.stm32cube.ide.mcu.externaltools.gnu-tools-for-stm32.13.3.rel1.win32_1.0.0.202411081344/tools/bin/../lib/gcc/arm-none-eabi/13.3.1/thumb/v7-m/nofp/crti.o
 .ARM.attributes
                0x0000001d       0x2d C:/ST/STM32CubeIDE_1.18.0/STM32CubeIDE/plugins/com.st.stm32cube.ide.mcu.externaltools.gnu-tools-for-stm32.13.3.rel1.win32_1.0.0.202411081344/tools/bin/../lib/gcc/arm-none-eabi/13.3.1/thumb/v7-m/nofp/crtbegin.o
 .ARM.attributes
                0x0000004a       0x29 ./Core/Src/freertos.o
 .ARM.attributes
                0x00000073       0x29 ./Core/Src/main.o
 .ARM.attributes
                0x0000009c       0x29 ./Core/Src/stm32f1xx_hal_msp.o
 .ARM.attributes
                0x000000c5       0x29 ./Core/Src/stm32f1xx_hal_timebase_tim.o
 .ARM.attributes
                0x000000ee       0x29 ./Core/Src/stm32f1xx_it.o
 .ARM.attributes
                0x00000117       0x29 ./Core/Src/system_stm32f1xx.o
 .ARM.attributes
                0x00000140       0x21 ./Core/Startup/startup_stm32f103c6tx.o
 .ARM.attributes
                0x00000161       0x29 ./Drivers/STM32F1xx_HAL_Driver/Src/stm32f1xx_hal.o
 .ARM.attributes
                0x0000018a       0x29 ./Drivers/STM32F1xx_HAL_Driver/Src/stm32f1xx_hal_can.o
 .ARM.attributes
                0x000001b3       0x29 ./Drivers/STM32F1xx_HAL_Driver/Src/stm32f1xx_hal_cortex.o
 .ARM.attributes
                0x000001dc       0x29 ./Drivers/STM32F1xx_HAL_Driver/Src/stm32f1xx_hal_gpio.o
 .ARM.attributes
                0x00000205       0x29 ./Drivers/STM32F1xx_HAL_Driver/Src/stm32f1xx_hal_rcc.o
 .ARM.attributes
                0x0000022e       0x29 ./Drivers/STM32F1xx_HAL_Driver/Src/stm32f1xx_hal_tim.o
 .ARM.attributes
                0x00000257       0x29 ./Drivers/STM32F1xx_HAL_Driver/Src/stm32f1xx_hal_tim_ex.o
 .ARM.attributes
                0x00000280       0x29 ./Drivers/STM32F1xx_HAL_Driver/Src/stm32f1xx_hal_uart.o
 .ARM.attributes
                0x000002a9       0x29 ./Middlewares/Third_Party/FreeRTOS/org/Source/list.o
 .ARM.attributes
                0x000002d2       0x29 ./Middlewares/Third_Party/FreeRTOS/org/Source/queue.o
 .ARM.attributes
                0x000002fb       0x29 ./Middlewares/Third_Party/FreeRTOS/org/Source/tasks.o
 .ARM.attributes
                0x00000324       0x29 ./Middlewares/Third_Party/FreeRTOS/org/Source/timers.o
 .ARM.attributes
                0x0000034d       0x29 ./Middlewares/Third_Party/FreeRTOS/org/Source/portable/GCC/ARM_CM3/port.o
 .ARM.attributes
                0x00000376       0x29 ./Middlewares/Third_Party/FreeRTOS/org/Source/portable/MemMang/heap_4.o
 .ARM.attributes
                0x0000039f       0x29 ./Middlewares/Third_Party/SEGGER/Config/SEGGER_SYSVIEW_Config_FreeRTOS.o
 .ARM.attributes
                0x000003c8       0x29 ./Middlewares/Third_Party/SEGGER/OS/FreeRTOSV10/SEGGER_SYSVIEW_FreeRTOS.o
 .ARM.attributes
                0x000003f1       0x29 ./Middlewares/Third_Party/SEGGER/Rec/SEGGER_UART.o
 .ARM.attributes
                0x0000041a       0x29 ./Middlewares/Third_Party/SEGGER/SEGGER/SEGGER_RTT.o
 .ARM.attributes
                0x00000443       0x1b ./Middlewares/Third_Party/SEGGER/SEGGER/SEGGER_RTT_ASM_ARMv7M.o
 .ARM.attributes
                0x0000045e       0x29 ./Middlewares/Third_Party/SEGGER/SEGGER/SEGGER_SYSVIEW.o
 .ARM.attributes
                0x00000487       0x2d C:/ST/STM32CubeIDE_1.18.0/STM32CubeIDE/plugins/com.st.stm32cube.ide.mcu.externaltools.gnu-tools-for-stm32.13.3.rel1.win32_1.0.0.202411081344/tools/bin/../lib/gcc/arm-none-eabi/13.3.1/../../../../arm-none-eabi/lib/thumb/v7-m/nofp\libc_nano.a(libc_a-findfp.o)
 .ARM.attributes
                0x000004b4       0x2d C:/ST/STM32CubeIDE_1.18.0/STM32CubeIDE/plugins/com.st.stm32cube.ide.mcu.externaltools.gnu-tools-for-stm32.13.3.rel1.win32_1.0.0.202411081344/tools/bin/../lib/gcc/arm-none-eabi/13.3.1/../../../../arm-none-eabi/lib/thumb/v7-m/nofp\libc_nano.a(libc_a-memcmp.o)
 .ARM.attributes
                0x000004e1       0x2d C:/ST/STM32CubeIDE_1.18.0/STM32CubeIDE/plugins/com.st.stm32cube.ide.mcu.externaltools.gnu-tools-for-stm32.13.3.rel1.win32_1.0.0.202411081344/tools/bin/../lib/gcc/arm-none-eabi/13.3.1/../../../../arm-none-eabi/lib/thumb/v7-m/nofp\libc_nano.a(libc_a-memset.o)
 .ARM.attributes
                0x0000050e       0x2d C:/ST/STM32CubeIDE_1.18.0/STM32CubeIDE/plugins/com.st.stm32cube.ide.mcu.externaltools.gnu-tools-for-stm32.13.3.rel1.win32_1.0.0.202411081344/tools/bin/../lib/gcc/arm-none-eabi/13.3.1/../../../../arm-none-eabi/lib/thumb/v7-m/nofp\libc_nano.a(libc_a-reent.o)
 .ARM.attributes
                0x0000053b       0x2d C:/ST/STM32CubeIDE_1.18.0/STM32CubeIDE/plugins/com.st.stm32cube.ide.mcu.externaltools.gnu-tools-for-stm32.13.3.rel1.win32_1.0.0.202411081344/tools/bin/../lib/gcc/arm-none-eabi/13.3.1/../../../../arm-none-eabi/lib/thumb/v7-m/nofp\libc_nano.a(libc_a-impure.o)
 .ARM.attributes
                0x00000568       0x2d C:/ST/STM32CubeIDE_1.18.0/STM32CubeIDE/plugins/com.st.stm32cube.ide.mcu.externaltools.gnu-tools-for-stm32.13.3.rel1.win32_1.0.0.202411081344/tools/bin/../lib/gcc/arm-none-eabi/13.3.1/../../../../arm-none-eabi/lib/thumb/v7-m/nofp\libc_nano.a(libc_a-init.o)
 .ARM.attributes
                0x00000595       0x2d C:/ST/STM32CubeIDE_1.18.0/STM32CubeIDE/plugins/com.st.stm32cube.ide.mcu.externaltools.gnu-tools-for-stm32.13.3.rel1.win32_1.0.0.202411081344/tools/bin/../lib/gcc/arm-none-eabi/13.3.1/../../../../arm-none-eabi/lib/thumb/v7-m/nofp\libc_nano.a(libc_a-lock.o)
 .ARM.attributes
                0x000005c2       0x2d C:/ST/STM32CubeIDE_1.18.0/STM32CubeIDE/plugins/com.st.stm32cube.ide.mcu.externaltools.gnu-tools-for-stm32.13.3.rel1.win32_1.0.0.202411081344/tools/bin/../lib/gcc/arm-none-eabi/13.3.1/../../../../arm-none-eabi/lib/thumb/v7-m/nofp\libc_nano.a(libc_a-memcpy-stub.o)
 .ARM.attributes
                0x000005ef       0x2d C:/ST/STM32CubeIDE_1.18.0/STM32CubeIDE/plugins/com.st.stm32cube.ide.mcu.externaltools.gnu-tools-for-stm32.13.3.rel1.win32_1.0.0.202411081344/tools/bin/../lib/gcc/arm-none-eabi/13.3.1/../../../../arm-none-eabi/lib/thumb/v7-m/nofp\libc_nano.a(libc_a-freer.o)
 .ARM.attributes
                0x0000061c       0x2d C:/ST/STM32CubeIDE_1.18.0/STM32CubeIDE/plugins/com.st.stm32cube.ide.mcu.externaltools.gnu-tools-for-stm32.13.3.rel1.win32_1.0.0.202411081344/tools/bin/../lib/gcc/arm-none-eabi/13.3.1/../../../../arm-none-eabi/lib/thumb/v7-m/nofp\libc_nano.a(libc_a-mallocr.o)
 .ARM.attributes
                0x00000649       0x2d C:/ST/STM32CubeIDE_1.18.0/STM32CubeIDE/plugins/com.st.stm32cube.ide.mcu.externaltools.gnu-tools-for-stm32.13.3.rel1.win32_1.0.0.202411081344/tools/bin/../lib/gcc/arm-none-eabi/13.3.1/../../../../arm-none-eabi/lib/thumb/v7-m/nofp\libc_nano.a(libc_a-mlock.o)
 .ARM.attributes
                0x00000676       0x1d C:/ST/STM32CubeIDE_1.18.0/STM32CubeIDE/plugins/com.st.stm32cube.ide.mcu.externaltools.gnu-tools-for-stm32.13.3.rel1.win32_1.0.0.202411081344/tools/bin/../lib/gcc/arm-none-eabi/13.3.1/thumb/v7-m/nofp/crtn.o
OUTPUT(c6t6.elf elf32-littlearm)
LOAD linker stubs
LOAD C:/ST/STM32CubeIDE_1.18.0/STM32CubeIDE/plugins/com.st.stm32cube.ide.mcu.externaltools.gnu-tools-for-stm32.13.3.rel1.win32_1.0.0.202411081344/tools/bin/../lib/gcc/arm-none-eabi/13.3.1/../../../../arm-none-eabi/lib/thumb/v7-m/nofp\libc.a
LOAD C:/ST/STM32CubeIDE_1.18.0/STM32CubeIDE/plugins/com.st.stm32cube.ide.mcu.externaltools.gnu-tools-for-stm32.13.3.rel1.win32_1.0.0.202411081344/tools/bin/../lib/gcc/arm-none-eabi/13.3.1/../../../../arm-none-eabi/lib/thumb/v7-m/nofp\libm.a
LOAD C:/ST/STM32CubeIDE_1.18.0/STM32CubeIDE/plugins/com.st.stm32cube.ide.mcu.externaltools.gnu-tools-for-stm32.13.3.rel1.win32_1.0.0.202411081344/tools/bin/../lib/gcc/arm-none-eabi/13.3.1/thumb/v7-m/nofp\libgcc.a

.debug_info     0x00000000    0x2c96c
 .debug_info    0x00000000      0x9b6 ./Core/Src/freertos.o
 .debug_info    0x000009b6     0x2580 ./Core/Src/main.o
 .debug_info    0x00002f36      0xeb0 ./Core/Src/stm32f1xx_hal_msp.o
 .debug_info    0x00003de6      0x9f4 ./Core/Src/stm32f1xx_hal_timebase_tim.o
 .debug_info    0x000047da      0xa48 ./Core/Src/stm32f1xx_it.o
 .debug_info    0x00005222      0x22d ./Core/Src/system_stm32f1xx.o
 .debug_info    0x0000544f       0x30 ./Core/Startup/startup_stm32f103c6tx.o
 .debug_info    0x0000547f      0x7ba ./Drivers/STM32F1xx_HAL_Driver/Src/stm32f1xx_hal.o
 .debug_info    0x00005c39     0x1154 ./Drivers/STM32F1xx_HAL_Driver/Src/stm32f1xx_hal_can.o
 .debug_info    0x00006d8d      0xce0 ./Drivers/STM32F1xx_HAL_Driver/Src/stm32f1xx_hal_cortex.o
 .debug_info    0x00007a6d      0x608 ./Drivers/STM32F1xx_HAL_Driver/Src/stm32f1xx_hal_gpio.o
 .debug_info    0x00008075      0xa65 ./Drivers/STM32F1xx_HAL_Driver/Src/stm32f1xx_hal_rcc.o
 .debug_info    0x00008ada     0x4fdf ./Drivers/STM32F1xx_HAL_Driver/Src/stm32f1xx_hal_tim.o
 .debug_info    0x0000dab9     0x1bab ./Drivers/STM32F1xx_HAL_Driver/Src/stm32f1xx_hal_tim_ex.o
 .debug_info    0x0000f664     0x4704 ./Drivers/STM32F1xx_HAL_Driver/Src/stm32f1xx_hal_uart.o
 .debug_info    0x00013d68      0x2c6 ./Middlewares/Third_Party/FreeRTOS/org/Source/list.o
 .debug_info    0x0001402e     0x399c ./Middlewares/Third_Party/FreeRTOS/org/Source/queue.o
 .debug_info    0x000179ca     0x48aa ./Middlewares/Third_Party/FreeRTOS/org/Source/tasks.o
 .debug_info    0x0001c274     0x257d ./Middlewares/Third_Party/FreeRTOS/org/Source/timers.o
 .debug_info    0x0001e7f1      0x622 ./Middlewares/Third_Party/FreeRTOS/org/Source/portable/GCC/ARM_CM3/port.o
 .debug_info    0x0001ee13      0x602 ./Middlewares/Third_Party/FreeRTOS/org/Source/portable/MemMang/heap_4.o
 .debug_info    0x0001f415      0x1d7 ./Middlewares/Third_Party/SEGGER/Config/SEGGER_SYSVIEW_Config_FreeRTOS.o
 .debug_info    0x0001f5ec      0x7ac ./Middlewares/Third_Party/SEGGER/OS/FreeRTOSV10/SEGGER_SYSVIEW_FreeRTOS.o
 .debug_info    0x0001fd98      0x98c ./Middlewares/Third_Party/SEGGER/Rec/SEGGER_UART.o
 .debug_info    0x00020724     0x3dac ./Middlewares/Third_Party/SEGGER/SEGGER/SEGGER_RTT.o
 .debug_info    0x000244d0       0x25 ./Middlewares/Third_Party/SEGGER/SEGGER/SEGGER_RTT_ASM_ARMv7M.o
 .debug_info    0x000244f5     0x8477 ./Middlewares/Third_Party/SEGGER/SEGGER/SEGGER_SYSVIEW.o

.debug_abbrev   0x00000000     0x4caf
 .debug_abbrev  0x00000000      0x185 ./Core/Src/freertos.o
 .debug_abbrev  0x00000185      0x4c0 ./Core/Src/main.o
 .debug_abbrev  0x00000645      0x23a ./Core/Src/stm32f1xx_hal_msp.o
 .debug_abbrev  0x0000087f      0x242 ./Core/Src/stm32f1xx_hal_timebase_tim.o
 .debug_abbrev  0x00000ac1      0x1d2 ./Core/Src/stm32f1xx_it.o
 .debug_abbrev  0x00000c93      0x143 ./Core/Src/system_stm32f1xx.o
 .debug_abbrev  0x00000dd6       0x24 ./Core/Startup/startup_stm32f103c6tx.o
 .debug_abbrev  0x00000dfa      0x270 ./Drivers/STM32F1xx_HAL_Driver/Src/stm32f1xx_hal.o
 .debug_abbrev  0x0000106a      0x2b8 ./Drivers/STM32F1xx_HAL_Driver/Src/stm32f1xx_hal_can.o
 .debug_abbrev  0x00001322      0x361 ./Drivers/STM32F1xx_HAL_Driver/Src/stm32f1xx_hal_cortex.o
 .debug_abbrev  0x00001683      0x208 ./Drivers/STM32F1xx_HAL_Driver/Src/stm32f1xx_hal_gpio.o
 .debug_abbrev  0x0000188b      0x342 ./Drivers/STM32F1xx_HAL_Driver/Src/stm32f1xx_hal_rcc.o
 .debug_abbrev  0x00001bcd      0x384 ./Drivers/STM32F1xx_HAL_Driver/Src/stm32f1xx_hal_tim.o
 .debug_abbrev  0x00001f51      0x37a ./Drivers/STM32F1xx_HAL_Driver/Src/stm32f1xx_hal_tim_ex.o
 .debug_abbrev  0x000022cb      0x422 ./Drivers/STM32F1xx_HAL_Driver/Src/stm32f1xx_hal_uart.o
 .debug_abbrev  0x000026ed      0x10a ./Middlewares/Third_Party/FreeRTOS/org/Source/list.o
 .debug_abbrev  0x000027f7      0x4db ./Middlewares/Third_Party/FreeRTOS/org/Source/queue.o
 .debug_abbrev  0x00002cd2      0x5a7 ./Middlewares/Third_Party/FreeRTOS/org/Source/tasks.o
 .debug_abbrev  0x00003279      0x469 ./Middlewares/Third_Party/FreeRTOS/org/Source/timers.o
 .debug_abbrev  0x000036e2      0x2ba ./Middlewares/Third_Party/FreeRTOS/org/Source/portable/GCC/ARM_CM3/port.o
 .debug_abbrev  0x0000399c      0x2cd ./Middlewares/Third_Party/FreeRTOS/org/Source/portable/MemMang/heap_4.o
 .debug_abbrev  0x00003c69      0x10d ./Middlewares/Third_Party/SEGGER/Config/SEGGER_SYSVIEW_Config_FreeRTOS.o
 .debug_abbrev  0x00003d76      0x2c9 ./Middlewares/Third_Party/SEGGER/OS/FreeRTOSV10/SEGGER_SYSVIEW_FreeRTOS.o
 .debug_abbrev  0x0000403f      0x3ac ./Middlewares/Third_Party/SEGGER/Rec/SEGGER_UART.o
 .debug_abbrev  0x000043eb      0x34f ./Middlewares/Third_Party/SEGGER/SEGGER/SEGGER_RTT.o
 .debug_abbrev  0x0000473a       0x14 ./Middlewares/Third_Party/SEGGER/SEGGER/SEGGER_RTT_ASM_ARMv7M.o
 .debug_abbrev  0x0000474e      0x561 ./Middlewares/Third_Party/SEGGER/SEGGER/SEGGER_SYSVIEW.o

.debug_aranges  0x00000000     0x1530
 .debug_aranges
                0x00000000       0x28 ./Core/Src/freertos.o
 .debug_aranges
                0x00000028       0x88 ./Core/Src/main.o
 .debug_aranges
                0x000000b0       0x40 ./Core/Src/stm32f1xx_hal_msp.o
 .debug_aranges
                0x000000f0       0x30 ./Core/Src/stm32f1xx_hal_timebase_tim.o
 .debug_aranges
                0x00000120       0x58 ./Core/Src/stm32f1xx_it.o
 .debug_aranges
                0x00000178       0x28 ./Core/Src/system_stm32f1xx.o
 .debug_aranges
                0x000001a0       0x28 ./Core/Startup/startup_stm32f103c6tx.o
 .debug_aranges
                0x000001c8       0xe0 ./Drivers/STM32F1xx_HAL_Driver/Src/stm32f1xx_hal.o
 .debug_aranges
                0x000002a8      0x138 ./Drivers/STM32F1xx_HAL_Driver/Src/stm32f1xx_hal_can.o
 .debug_aranges
                0x000003e0       0x90 ./Drivers/STM32F1xx_HAL_Driver/Src/stm32f1xx_hal_cortex.o
 .debug_aranges
                0x00000470       0x58 ./Drivers/STM32F1xx_HAL_Driver/Src/stm32f1xx_hal_gpio.o
 .debug_aranges
                0x000004c8       0x88 ./Drivers/STM32F1xx_HAL_Driver/Src/stm32f1xx_hal_rcc.o
 .debug_aranges
                0x00000550      0x380 ./Drivers/STM32F1xx_HAL_Driver/Src/stm32f1xx_hal_tim.o
 .debug_aranges
                0x000008d0      0x160 ./Drivers/STM32F1xx_HAL_Driver/Src/stm32f1xx_hal_tim_ex.o
 .debug_aranges
                0x00000a30      0x1d8 ./Drivers/STM32F1xx_HAL_Driver/Src/stm32f1xx_hal_uart.o
 .debug_aranges
                0x00000c08       0x40 ./Middlewares/Third_Party/FreeRTOS/org/Source/list.o
 .debug_aranges
                0x00000c48       0xf0 ./Middlewares/Third_Party/FreeRTOS/org/Source/queue.o
 .debug_aranges
                0x00000d38      0x1d8 ./Middlewares/Third_Party/FreeRTOS/org/Source/tasks.o
 .debug_aranges
                0x00000f10       0xa0 ./Middlewares/Third_Party/FreeRTOS/org/Source/timers.o
 .debug_aranges
                0x00000fb0       0x80 ./Middlewares/Third_Party/FreeRTOS/org/Source/portable/GCC/ARM_CM3/port.o
 .debug_aranges
                0x00001030       0x48 ./Middlewares/Third_Party/FreeRTOS/org/Source/portable/MemMang/heap_4.o
 .debug_aranges
                0x00001078       0x28 ./Middlewares/Third_Party/SEGGER/Config/SEGGER_SYSVIEW_Config_FreeRTOS.o
 .debug_aranges
                0x000010a0       0x48 ./Middlewares/Third_Party/SEGGER/OS/FreeRTOSV10/SEGGER_SYSVIEW_FreeRTOS.o
 .debug_aranges
                0x000010e8       0x50 ./Middlewares/Third_Party/SEGGER/Rec/SEGGER_UART.o
 .debug_aranges
                0x00001138      0x110 ./Middlewares/Third_Party/SEGGER/SEGGER/SEGGER_RTT.o
 .debug_aranges
                0x00001248       0x20 ./Middlewares/Third_Party/SEGGER/SEGGER/SEGGER_RTT_ASM_ARMv7M.o
 .debug_aranges
                0x00001268      0x2c8 ./Middlewares/Third_Party/SEGGER/SEGGER/SEGGER_SYSVIEW.o

.debug_rnglists
                0x00000000     0x354a
 .debug_rnglists
                0x00000000       0x19 ./Core/Src/freertos.o
 .debug_rnglists
                0x00000019       0xf5 ./Core/Src/main.o
 .debug_rnglists
                0x0000010e       0x8f ./Core/Src/stm32f1xx_hal_msp.o
 .debug_rnglists
                0x0000019d       0x38 ./Core/Src/stm32f1xx_hal_timebase_tim.o
 .debug_rnglists
                0x000001d5       0x3d ./Core/Src/stm32f1xx_it.o
 .debug_rnglists
                0x00000212       0x19 ./Core/Src/system_stm32f1xx.o
 .debug_rnglists
                0x0000022b       0x19 ./Core/Startup/startup_stm32f103c6tx.o
 .debug_rnglists
                0x00000244       0xa3 ./Drivers/STM32F1xx_HAL_Driver/Src/stm32f1xx_hal.o
 .debug_rnglists
                0x000002e7       0xfc ./Drivers/STM32F1xx_HAL_Driver/Src/stm32f1xx_hal_can.o
 .debug_rnglists
                0x000003e3       0xdf ./Drivers/STM32F1xx_HAL_Driver/Src/stm32f1xx_hal_cortex.o
 .debug_rnglists
                0x000004c2       0x66 ./Drivers/STM32F1xx_HAL_Driver/Src/stm32f1xx_hal_gpio.o
 .debug_rnglists
                0x00000528       0xcc ./Drivers/STM32F1xx_HAL_Driver/Src/stm32f1xx_hal_rcc.o
 .debug_rnglists
                0x000005f4      0x670 ./Drivers/STM32F1xx_HAL_Driver/Src/stm32f1xx_hal_tim.o
 .debug_rnglists
                0x00000c64      0x1ad ./Drivers/STM32F1xx_HAL_Driver/Src/stm32f1xx_hal_tim_ex.o
 .debug_rnglists
                0x00000e11      0x2d0 ./Drivers/STM32F1xx_HAL_Driver/Src/stm32f1xx_hal_uart.o
 .debug_rnglists
                0x000010e1       0x2b ./Middlewares/Third_Party/FreeRTOS/org/Source/list.o
 .debug_rnglists
                0x0000110c      0x320 ./Middlewares/Third_Party/FreeRTOS/org/Source/queue.o
 .debug_rnglists
                0x0000142c      0x3d7 ./Middlewares/Third_Party/FreeRTOS/org/Source/tasks.o
 .debug_rnglists
                0x00001803      0x1cb ./Middlewares/Third_Party/FreeRTOS/org/Source/timers.o
 .debug_rnglists
                0x000019ce       0x99 ./Middlewares/Third_Party/FreeRTOS/org/Source/portable/GCC/ARM_CM3/port.o
 .debug_rnglists
                0x00001a67       0x5b ./Middlewares/Third_Party/FreeRTOS/org/Source/portable/MemMang/heap_4.o
 .debug_rnglists
                0x00001ac2       0x19 ./Middlewares/Third_Party/SEGGER/Config/SEGGER_SYSVIEW_Config_FreeRTOS.o
 .debug_rnglists
                0x00001adb       0x8d ./Middlewares/Third_Party/SEGGER/OS/FreeRTOSV10/SEGGER_SYSVIEW_FreeRTOS.o
 .debug_rnglists
                0x00001b68       0xa1 ./Middlewares/Third_Party/SEGGER/Rec/SEGGER_UART.o
 .debug_rnglists
                0x00001c09      0x713 ./Middlewares/Third_Party/SEGGER/SEGGER/SEGGER_RTT.o
 .debug_rnglists
                0x0000231c     0x122e ./Middlewares/Third_Party/SEGGER/SEGGER/SEGGER_SYSVIEW.o

.debug_line     0x00000000    0x2a45a
 .debug_line    0x00000000      0x40a ./Core/Src/freertos.o
 .debug_line    0x0000040a      0xdef ./Core/Src/main.o
 .debug_line    0x000011f9      0x50a ./Core/Src/stm32f1xx_hal_msp.o
 .debug_line    0x00001703      0x418 ./Core/Src/stm32f1xx_hal_timebase_tim.o
 .debug_line    0x00001b1b      0x3a3 ./Core/Src/stm32f1xx_it.o
 .debug_line    0x00001ebe      0x328 ./Core/Src/system_stm32f1xx.o
 .debug_line    0x000021e6       0x78 ./Core/Startup/startup_stm32f103c6tx.o
 .debug_line    0x0000225e      0x688 ./Drivers/STM32F1xx_HAL_Driver/Src/stm32f1xx_hal.o
 .debug_line    0x000028e6     0x1427 ./Drivers/STM32F1xx_HAL_Driver/Src/stm32f1xx_hal_can.o
 .debug_line    0x00003d0d      0x7ff ./Drivers/STM32F1xx_HAL_Driver/Src/stm32f1xx_hal_cortex.o
 .debug_line    0x0000450c      0x933 ./Drivers/STM32F1xx_HAL_Driver/Src/stm32f1xx_hal_gpio.o
 .debug_line    0x00004e3f      0xf76 ./Drivers/STM32F1xx_HAL_Driver/Src/stm32f1xx_hal_rcc.o
 .debug_line    0x00005db5     0x5f47 ./Drivers/STM32F1xx_HAL_Driver/Src/stm32f1xx_hal_tim.o
 .debug_line    0x0000bcfc     0x191e ./Drivers/STM32F1xx_HAL_Driver/Src/stm32f1xx_hal_tim_ex.o
 .debug_line    0x0000d61a     0x4114 ./Drivers/STM32F1xx_HAL_Driver/Src/stm32f1xx_hal_uart.o
 .debug_line    0x0001172e      0x495 ./Middlewares/Third_Party/FreeRTOS/org/Source/list.o
 .debug_line    0x00011bc3     0x31ea ./Middlewares/Third_Party/FreeRTOS/org/Source/queue.o
 .debug_line    0x00014dad     0x3a00 ./Middlewares/Third_Party/FreeRTOS/org/Source/tasks.o
 .debug_line    0x000187ad     0x125e ./Middlewares/Third_Party/FreeRTOS/org/Source/timers.o
 .debug_line    0x00019a0b      0x95f ./Middlewares/Third_Party/FreeRTOS/org/Source/portable/GCC/ARM_CM3/port.o
 .debug_line    0x0001a36a      0x9d4 ./Middlewares/Third_Party/FreeRTOS/org/Source/portable/MemMang/heap_4.o
 .debug_line    0x0001ad3e      0x31e ./Middlewares/Third_Party/SEGGER/Config/SEGGER_SYSVIEW_Config_FreeRTOS.o
 .debug_line    0x0001b05c      0xa6e ./Middlewares/Third_Party/SEGGER/OS/FreeRTOSV10/SEGGER_SYSVIEW_FreeRTOS.o
 .debug_line    0x0001baca      0x6fb ./Middlewares/Third_Party/SEGGER/Rec/SEGGER_UART.o
 .debug_line    0x0001c1c5     0x5d2c ./Middlewares/Third_Party/SEGGER/SEGGER/SEGGER_RTT.o
 .debug_line    0x00021ef1       0x84 ./Middlewares/Third_Party/SEGGER/SEGGER/SEGGER_RTT_ASM_ARMv7M.o
 .debug_line    0x00021f75     0x84e5 ./Middlewares/Third_Party/SEGGER/SEGGER/SEGGER_SYSVIEW.o

.debug_str      0x00000000     0x7b73
 .debug_str     0x00000000     0x7b73 ./Core/Src/freertos.o
                                0x6bf (size before relaxing)
 .debug_str     0x00007b73     0x14a3 ./Core/Src/main.o
 .debug_str     0x00007b73      0xc10 ./Core/Src/stm32f1xx_hal_msp.o
 .debug_str     0x00007b73      0xadd ./Core/Src/stm32f1xx_hal_timebase_tim.o
 .debug_str     0x00007b73      0x976 ./Core/Src/stm32f1xx_it.o
 .debug_str     0x00007b73      0x25f ./Core/Src/system_stm32f1xx.o
 .debug_str     0x00007b73       0x7b ./Core/Startup/startup_stm32f103c6tx.o
 .debug_str     0x00007b73      0x7ff ./Drivers/STM32F1xx_HAL_Driver/Src/stm32f1xx_hal.o
 .debug_str     0x00007b73      0xa2d ./Drivers/STM32F1xx_HAL_Driver/Src/stm32f1xx_hal_can.o
 .debug_str     0x00007b73      0x8a4 ./Drivers/STM32F1xx_HAL_Driver/Src/stm32f1xx_hal_cortex.o
 .debug_str     0x00007b73      0x40b ./Drivers/STM32F1xx_HAL_Driver/Src/stm32f1xx_hal_gpio.o
 .debug_str     0x00007b73      0x636 ./Drivers/STM32F1xx_HAL_Driver/Src/stm32f1xx_hal_rcc.o
 .debug_str     0x00007b73     0x1690 ./Drivers/STM32F1xx_HAL_Driver/Src/stm32f1xx_hal_tim.o
 .debug_str     0x00007b73      0xe9c ./Drivers/STM32F1xx_HAL_Driver/Src/stm32f1xx_hal_tim_ex.o
 .debug_str     0x00007b73      0xcff ./Drivers/STM32F1xx_HAL_Driver/Src/stm32f1xx_hal_uart.o
 .debug_str     0x00007b73      0x30a ./Middlewares/Third_Party/FreeRTOS/org/Source/list.o
 .debug_str     0x00007b73      0xca5 ./Middlewares/Third_Party/FreeRTOS/org/Source/queue.o
 .debug_str     0x00007b73     0x1783 ./Middlewares/Third_Party/FreeRTOS/org/Source/tasks.o
 .debug_str     0x00007b73      0xeb5 ./Middlewares/Third_Party/FreeRTOS/org/Source/timers.o
 .debug_str     0x00007b73      0x4f3 ./Middlewares/Third_Party/FreeRTOS/org/Source/portable/GCC/ARM_CM3/port.o
 .debug_str     0x00007b73      0x523 ./Middlewares/Third_Party/FreeRTOS/org/Source/portable/MemMang/heap_4.o
 .debug_str     0x00007b73      0x2c5 ./Middlewares/Third_Party/SEGGER/Config/SEGGER_SYSVIEW_Config_FreeRTOS.o
 .debug_str     0x00007b73      0x3cc ./Middlewares/Third_Party/SEGGER/OS/FreeRTOSV10/SEGGER_SYSVIEW_FreeRTOS.o
 .debug_str     0x00007b73      0x739 ./Middlewares/Third_Party/SEGGER/Rec/SEGGER_UART.o
 .debug_str     0x00007b73      0x6f5 ./Middlewares/Third_Party/SEGGER/SEGGER/SEGGER_RTT.o
 .debug_str     0x00007b73       0x86 ./Middlewares/Third_Party/SEGGER/SEGGER/SEGGER_RTT_ASM_ARMv7M.o
 .debug_str     0x00007b73     0x1377 ./Middlewares/Third_Party/SEGGER/SEGGER/SEGGER_SYSVIEW.o

.comment        0x00000000       0x43
 .comment       0x00000000       0x43 ./Core/Src/freertos.o
                                 0x44 (size before relaxing)
 .comment       0x00000043       0x44 ./Core/Src/main.o
 .comment       0x00000043       0x44 ./Core/Src/stm32f1xx_hal_msp.o
 .comment       0x00000043       0x44 ./Core/Src/stm32f1xx_hal_timebase_tim.o
 .comment       0x00000043       0x44 ./Core/Src/stm32f1xx_it.o
 .comment       0x00000043       0x44 ./Core/Src/system_stm32f1xx.o
 .comment       0x00000043       0x44 ./Drivers/STM32F1xx_HAL_Driver/Src/stm32f1xx_hal.o
 .comment       0x00000043       0x44 ./Drivers/STM32F1xx_HAL_Driver/Src/stm32f1xx_hal_can.o
 .comment       0x00000043       0x44 ./Drivers/STM32F1xx_HAL_Driver/Src/stm32f1xx_hal_cortex.o
 .comment       0x00000043       0x44 ./Drivers/STM32F1xx_HAL_Driver/Src/stm32f1xx_hal_gpio.o
 .comment       0x00000043       0x44 ./Drivers/STM32F1xx_HAL_Driver/Src/stm32f1xx_hal_rcc.o
 .comment       0x00000043       0x44 ./Drivers/STM32F1xx_HAL_Driver/Src/stm32f1xx_hal_tim.o
 .comment       0x00000043       0x44 ./Drivers/STM32F1xx_HAL_Driver/Src/stm32f1xx_hal_tim_ex.o
 .comment       0x00000043       0x44 ./Drivers/STM32F1xx_HAL_Driver/Src/stm32f1xx_hal_uart.o
 .comment       0x00000043       0x44 ./Middlewares/Third_Party/FreeRTOS/org/Source/list.o
 .comment       0x00000043       0x44 ./Middlewares/Third_Party/FreeRTOS/org/Source/queue.o
 .comment       0x00000043       0x44 ./Middlewares/Third_Party/FreeRTOS/org/Source/tasks.o
 .comment       0x00000043       0x44 ./Middlewares/Third_Party/FreeRTOS/org/Source/timers.o
 .comment       0x00000043       0x44 ./Middlewares/Third_Party/FreeRTOS/org/Source/portable/GCC/ARM_CM3/port.o
 .comment       0x00000043       0x44 ./Middlewares/Third_Party/FreeRTOS/org/Source/portable/MemMang/heap_4.o
 .comment       0x00000043       0x44 ./Middlewares/Third_Party/SEGGER/Config/SEGGER_SYSVIEW_Config_FreeRTOS.o
 .comment       0x00000043       0x44 ./Middlewares/Third_Party/SEGGER/OS/FreeRTOSV10/SEGGER_SYSVIEW_FreeRTOS.o
 .comment       0x00000043       0x44 ./Middlewares/Third_Party/SEGGER/Rec/SEGGER_UART.o
 .comment       0x00000043       0x44 ./Middlewares/Third_Party/SEGGER/SEGGER/SEGGER_RTT.o
 .comment       0x00000043       0x44 ./Middlewares/Third_Party/SEGGER/SEGGER/SEGGER_SYSVIEW.o

.debug_frame    0x00000000     0x46cc
 .debug_frame   0x00000000       0x48 ./Core/Src/freertos.o
 .debug_frame   0x00000048      0x1a8 ./Core/Src/main.o
 .debug_frame   0x000001f0       0xac ./Core/Src/stm32f1xx_hal_msp.o
 .debug_frame   0x0000029c       0x54 ./Core/Src/stm32f1xx_hal_timebase_tim.o
 .debug_frame   0x000002f0       0x90 ./Core/Src/stm32f1xx_it.o
 .debug_frame   0x00000380       0x30 ./Core/Src/system_stm32f1xx.o
 .debug_frame   0x000003b0      0x1d4 ./Drivers/STM32F1xx_HAL_Driver/Src/stm32f1xx_hal.o
 .debug_frame   0x00000584      0x324 ./Drivers/STM32F1xx_HAL_Driver/Src/stm32f1xx_hal_can.o
 .debug_frame   0x000008a8      0x128 ./Drivers/STM32F1xx_HAL_Driver/Src/stm32f1xx_hal_cortex.o
 .debug_frame   0x000009d0       0xec ./Drivers/STM32F1xx_HAL_Driver/Src/stm32f1xx_hal_gpio.o
 .debug_frame   0x00000abc      0x17c ./Drivers/STM32F1xx_HAL_Driver/Src/stm32f1xx_hal_rcc.o
 .debug_frame   0x00000c38      0xbc4 ./Drivers/STM32F1xx_HAL_Driver/Src/stm32f1xx_hal_tim.o
 .debug_frame   0x000017fc      0x47c ./Drivers/STM32F1xx_HAL_Driver/Src/stm32f1xx_hal_tim_ex.o
 .debug_frame   0x00001c78      0x5c0 ./Drivers/STM32F1xx_HAL_Driver/Src/stm32f1xx_hal_uart.o
 .debug_frame   0x00002238       0x88 ./Middlewares/Third_Party/FreeRTOS/org/Source/list.o
 .debug_frame   0x000022c0      0x394 ./Middlewares/Third_Party/FreeRTOS/org/Source/queue.o
 .debug_frame   0x00002654      0x76c ./Middlewares/Third_Party/FreeRTOS/org/Source/tasks.o
 .debug_frame   0x00002dc0      0x230 ./Middlewares/Third_Party/FreeRTOS/org/Source/timers.o
 .debug_frame   0x00002ff0      0x128 ./Middlewares/Third_Party/FreeRTOS/org/Source/portable/GCC/ARM_CM3/port.o
 .debug_frame   0x00003118       0xb8 ./Middlewares/Third_Party/FreeRTOS/org/Source/portable/MemMang/heap_4.o
 .debug_frame   0x000031d0       0x48 ./Middlewares/Third_Party/SEGGER/Config/SEGGER_SYSVIEW_Config_FreeRTOS.o
 .debug_frame   0x00003218      0x118 ./Middlewares/Third_Party/SEGGER/OS/FreeRTOSV10/SEGGER_SYSVIEW_FreeRTOS.o
 .debug_frame   0x00003330       0xd0 ./Middlewares/Third_Party/SEGGER/Rec/SEGGER_UART.o
 .debug_frame   0x00003400      0x50c ./Middlewares/Third_Party/SEGGER/SEGGER/SEGGER_RTT.o
 .debug_frame   0x0000390c      0xa40 ./Middlewares/Third_Party/SEGGER/SEGGER/SEGGER_SYSVIEW.o
 .debug_frame   0x0000434c      0x144 C:/ST/STM32CubeIDE_1.18.0/STM32CubeIDE/plugins/com.st.stm32cube.ide.mcu.externaltools.gnu-tools-for-stm32.13.3.rel1.win32_1.0.0.202411081344/tools/bin/../lib/gcc/arm-none-eabi/13.3.1/../../../../arm-none-eabi/lib/thumb/v7-m/nofp\libc_nano.a(libc_a-findfp.o)
 .debug_frame   0x00004490       0x28 C:/ST/STM32CubeIDE_1.18.0/STM32CubeIDE/plugins/com.st.stm32cube.ide.mcu.externaltools.gnu-tools-for-stm32.13.3.rel1.win32_1.0.0.202411081344/tools/bin/../lib/gcc/arm-none-eabi/13.3.1/../../../../arm-none-eabi/lib/thumb/v7-m/nofp\libc_nano.a(libc_a-memcmp.o)