../Middlewares/Third_Party/FreeRTOS/org/Source/portable/GCC/ARM_CM3/port.c:237:13:prvPortStartFirstTask	0	static,ignoring_inline_asm
../Middlewares/Third_Party/FreeRTOS/org/Source/portable/GCC/ARM_CM3/port.c:192:13:prvTaskExitError	8	static,ignoring_inline_asm
../Middlewares/Third_Party/FreeRTOS/org/Source/portable/GCC/ARM_CM3/port.c:174:14:pxPortInitialiseStack	4	static
../Middlewares/Third_Party/FreeRTOS/org/Source/portable/GCC/ARM_CM3/port.c:217:6:SVC_Handler	0	static,ignoring_inline_asm
../Middlewares/Third_Party/FreeRTOS/org/Source/portable/GCC/ARM_CM3/port.c:353:6:vPortEndScheduler	0	static,ignoring_inline_asm
../Middlewares/Third_Party/FreeRTOS/org/Source/portable/GCC/ARM_CM3/port.c:361:6:vPortEnterCritical	0	static,ignoring_inline_asm
../Middlewares/Third_Party/FreeRTOS/org/Source/portable/GCC/ARM_CM3/port.c:378:6:vPortExitCritical	0	static,ignoring_inline_asm
../Middlewares/Third_Party/FreeRTOS/org/Source/portable/GCC/ARM_CM3/port.c:389:6:PendSV_Handler	0	static,ignoring_inline_asm
../Middlewares/Third_Party/FreeRTOS/org/Source/portable/GCC/ARM_CM3/port.c:426:6:SysTick_Handler	8	static,ignoring_inline_asm
../Middlewares/Third_Party/FreeRTOS/org/Source/portable/GCC/ARM_CM3/port.c:623:30:vPortSetupTimerInterrupt	4	static
../Middlewares/Third_Party/FreeRTOS/org/Source/portable/GCC/ARM_CM3/port.c:257:12:xPortStartScheduler	32	static,ignoring_inline_asm
../Middlewares/Third_Party/FreeRTOS/org/Source/portable/GCC/ARM_CM3/port.c:646:7:vPortValidateInterruptPriority	0	static,ignoring_inline_asm
../Middlewares/Third_Party/FreeRTOS/org/Source/portable/GCC/ARM_CM3/port.c:703:7:vSetVarulMaxPRIGROUPValue	16	static,ignoring_inline_asm
