../Middlewares/Third_Party/FreeRTOS/org/Source/tasks.c:1088:13:prvAddNewTaskToReadyList	32	static,ignoring_inline_asm
../Middlewares/Third_Party/FreeRTOS/org/Source/tasks.c:5202:13:prvAddCurrentTaskToDelayedList	24	static
../Middlewares/Third_Party/FreeRTOS/org/Source/tasks.c:835:13:prvInitialiseNewTask.constprop	32	static
../Middlewares/Third_Party/FreeRTOS/org/Source/tasks.c:3403:8:prvIdleTask	8	static,ignoring_inline_asm
../Middlewares/Third_Party/FreeRTOS/org/Source/tasks.c:2718:12:xTaskIncrementTick.part.0	48	static,ignoring_inline_asm
../Middlewares/Third_Party/FreeRTOS/org/Source/tasks.c:2205:12:xTaskResumeAll.part.0	48	static,ignoring_inline_asm
../Middlewares/Third_Party/FreeRTOS/org/Source/tasks.c:3777:21:prvListTasksWithinSingleList.part.0	48	static,ignoring_inline_asm
../Middlewares/Third_Party/FreeRTOS/org/Source/tasks.c:592:15:xTaskCreateStatic	40	static,ignoring_inline_asm
../Middlewares/Third_Party/FreeRTOS/org/Source/tasks.c:744:13:xTaskCreate	48	static
../Middlewares/Third_Party/FreeRTOS/org/Source/tasks.c:1173:7:vTaskDelete	16	static,ignoring_inline_asm
../Middlewares/Third_Party/FreeRTOS/org/Source/tasks.c:1352:7:vTaskDelay	16	static,ignoring_inline_asm
../Middlewares/Third_Party/FreeRTOS/org/Source/tasks.c:1397:13:eTaskGetState	24	static,ignoring_inline_asm
../Middlewares/Third_Party/FreeRTOS/org/Source/tasks.c:1489:14:uxTaskPriorityGet	8	static
../Middlewares/Third_Party/FreeRTOS/org/Source/tasks.c:1511:14:uxTaskPriorityGetFromISR	8	static,ignoring_inline_asm
../Middlewares/Third_Party/FreeRTOS/org/Source/tasks.c:1551:7:vTaskPrioritySet	32	static,ignoring_inline_asm
../Middlewares/Third_Party/FreeRTOS/org/Source/tasks.c:1862:7:vTaskResume	24	static,ignoring_inline_asm
../Middlewares/Third_Party/FreeRTOS/org/Source/tasks.c:1916:13:xTaskResumeFromISR	24	static,ignoring_inline_asm
../Middlewares/Third_Party/FreeRTOS/org/Source/tasks.c:1986:6:vTaskStartScheduler	64	static,ignoring_inline_asm
../Middlewares/Third_Party/FreeRTOS/org/Source/tasks.c:2110:6:vTaskEndScheduler	0	static,ignoring_inline_asm
../Middlewares/Third_Party/FreeRTOS/org/Source/tasks.c:2121:6:vTaskSuspendAll	0	static,ignoring_inline_asm
../Middlewares/Third_Party/FreeRTOS/org/Source/tasks.c:2205:12:xTaskResumeAll	0	static,ignoring_inline_asm
../Middlewares/Third_Party/FreeRTOS/org/Source/tasks.c:2315:12:xTaskGetTickCount	0	static
../Middlewares/Third_Party/FreeRTOS/org/Source/tasks.c:2330:12:xTaskGetTickCountFromISR	8	static
../Middlewares/Third_Party/FreeRTOS/org/Source/tasks.c:2361:13:uxTaskGetNumberOfTasks	0	static
../Middlewares/Third_Party/FreeRTOS/org/Source/tasks.c:2369:7:pcTaskGetName	0	static,ignoring_inline_asm
../Middlewares/Third_Party/FreeRTOS/org/Source/tasks.c:2516:14:uxTaskGetSystemState	56	static,ignoring_inline_asm
../Middlewares/Third_Party/FreeRTOS/org/Source/tasks.c:2620:12:xTaskCatchUpTicks	0	static,ignoring_inline_asm
../Middlewares/Third_Party/FreeRTOS/org/Source/tasks.c:2718:12:xTaskIncrementTick	0	static
../Middlewares/Third_Party/FreeRTOS/org/Source/tasks.c:3000:6:vTaskSwitchContext	8	static,ignoring_inline_asm
../Middlewares/Third_Party/FreeRTOS/org/Source/tasks.c:1715:7:vTaskSuspend	16	static,ignoring_inline_asm
../Middlewares/Third_Party/FreeRTOS/org/Source/tasks.c:3075:6:vTaskPlaceOnEventList	16	static,ignoring_inline_asm
../Middlewares/Third_Party/FreeRTOS/org/Source/tasks.c:3092:6:vTaskPlaceOnUnorderedEventList	8	static,ignoring_inline_asm
../Middlewares/Third_Party/FreeRTOS/org/Source/tasks.c:3118:7:vTaskPlaceOnEventListRestricted	16	static,ignoring_inline_asm
../Middlewares/Third_Party/FreeRTOS/org/Source/tasks.c:3149:12:xTaskRemoveFromEventList	24	static,ignoring_inline_asm
../Middlewares/Third_Party/FreeRTOS/org/Source/tasks.c:3217:6:vTaskRemoveFromUnorderedEventList	24	static,ignoring_inline_asm
../Middlewares/Third_Party/FreeRTOS/org/Source/tasks.c:3265:6:vTaskSetTimeOutState	8	static,ignoring_inline_asm
../Middlewares/Third_Party/FreeRTOS/org/Source/tasks.c:3277:6:vTaskInternalSetTimeOutState	0	static
../Middlewares/Third_Party/FreeRTOS/org/Source/tasks.c:3285:12:xTaskCheckForTimeOut	24	static,ignoring_inline_asm
../Middlewares/Third_Party/FreeRTOS/org/Source/tasks.c:3348:6:vTaskMissedYield	0	static
../Middlewares/Third_Party/FreeRTOS/org/Source/tasks.c:3356:14:uxTaskGetTaskNumber	0	static
../Middlewares/Third_Party/FreeRTOS/org/Source/tasks.c:3379:7:vTaskSetTaskNumber	0	static
../Middlewares/Third_Party/FreeRTOS/org/Source/tasks.c:3681:7:vTaskGetInfo	32	static,ignoring_inline_asm
../Middlewares/Third_Party/FreeRTOS/org/Source/tasks.c:3994:15:xTaskGetCurrentTaskHandle	0	static
../Middlewares/Third_Party/FreeRTOS/org/Source/tasks.c:4011:13:xTaskGetSchedulerState	0	static
../Middlewares/Third_Party/FreeRTOS/org/Source/tasks.c:4039:13:xTaskPriorityInherit	24	static
../Middlewares/Third_Party/FreeRTOS/org/Source/tasks.c:4129:13:xTaskPriorityDisinherit	24	static,ignoring_inline_asm
../Middlewares/Third_Party/FreeRTOS/org/Source/tasks.c:4209:7:vTaskPriorityDisinheritAfterTimeout	24	static,ignoring_inline_asm
../Middlewares/Third_Party/FreeRTOS/org/Source/tasks.c:4627:12:uxTaskResetEventItemValue	0	static
../Middlewares/Third_Party/FreeRTOS/org/Source/tasks.c:4643:15:pvTaskIncrementMutexHeldCount	0	static
../Middlewares/Third_Party/FreeRTOS/org/Source/tasks.c:4660:11:ulTaskNotifyTake	16	static,ignoring_inline_asm
../Middlewares/Third_Party/FreeRTOS/org/Source/tasks.c:4728:13:xTaskNotifyWait	32	static,ignoring_inline_asm
../Middlewares/Third_Party/FreeRTOS/org/Source/tasks.c:4808:13:xTaskGenericNotify	32	static,ignoring_inline_asm
../Middlewares/Third_Party/FreeRTOS/org/Source/tasks.c:4922:13:xTaskGenericNotifyFromISR	40	static,ignoring_inline_asm
../Middlewares/Third_Party/FreeRTOS/org/Source/tasks.c:5051:7:vTaskNotifyGiveFromISR	24	static,ignoring_inline_asm
../Middlewares/Third_Party/FreeRTOS/org/Source/tasks.c:5137:13:xTaskNotifyStateClear	16	static
../Middlewares/Third_Party/FreeRTOS/org/Source/tasks.c:5168:11:ulTaskNotifyValueClear	16	static
