../Middlewares/Third_Party/SEGGER/SEGGER/SEGGER_SYSVIEW.c:1431:6:SEGGER_SYSVIEW_Init	40	static
../Middlewares/Third_Party/SEGGER/SEGGER/SEGGER_SYSVIEW.c:1476:6:SEGGER_SYSVIEW_SetRAMBase	0	static
../Middlewares/Third_Party/SEGGER/SEGGER/SEGGER_SYSVIEW.c:1933:5:SEGGER_SYSVIEW_GetChannelID	0	static
../Middlewares/Third_Party/SEGGER/SEGGER/SEGGER_SYSVIEW.c:2005:6:SEGGER_SYSVIEW_SendStackInfo	0	static,ignoring_inline_asm
../Middlewares/Third_Party/SEGGER/SEGGER/SEGGER_SYSVIEW.c:2050:6:SEGGER_SYSVIEW_SendTaskList	0	static
../Middlewares/Third_Party/SEGGER/SEGGER/SEGGER_SYSVIEW.c:2801:5:SEGGER_SYSVIEW_EncodeU32	0	static
../Middlewares/Third_Party/SEGGER/SEGGER/SEGGER_SYSVIEW.c:2828:5:SEGGER_SYSVIEW_EncodeString	8	static
../Middlewares/Third_Party/SEGGER/SEGGER/SEGGER_SYSVIEW.c:2854:5:SEGGER_SYSVIEW_EncodeData	16	static
../Middlewares/Third_Party/SEGGER/SEGGER/SEGGER_SYSVIEW.c:2882:5:SEGGER_SYSVIEW_EncodeId	0	static
../Middlewares/Third_Party/SEGGER/SEGGER/SEGGER_SYSVIEW.c:2910:5:SEGGER_SYSVIEW_ShrinkId	0	static
../Middlewares/Third_Party/SEGGER/SEGGER/SEGGER_SYSVIEW.c:3011:6:SEGGER_SYSVIEW_SendModule	24	static,ignoring_inline_asm
../Middlewares/Third_Party/SEGGER/SEGGER/SEGGER_SYSVIEW.c:577:13:_HandleIncomingPacket	24	static,ignoring_inline_asm
../Middlewares/Third_Party/SEGGER/SEGGER/SEGGER_SYSVIEW.c:748:13:_SendPacket	48	static
../Middlewares/Third_Party/SEGGER/SEGGER/SEGGER_SYSVIEW.c:1510:6:SEGGER_SYSVIEW_RecordU32	8	static,ignoring_inline_asm
../Middlewares/Third_Party/SEGGER/SEGGER/SEGGER_SYSVIEW.c:1533:6:SEGGER_SYSVIEW_RecordU32x2	8	static,ignoring_inline_asm
../Middlewares/Third_Party/SEGGER/SEGGER/SEGGER_SYSVIEW.c:1558:6:SEGGER_SYSVIEW_RecordU32x3	8	static,ignoring_inline_asm
../Middlewares/Third_Party/SEGGER/SEGGER/SEGGER_SYSVIEW.c:1585:6:SEGGER_SYSVIEW_RecordU32x4	16	static,ignoring_inline_asm
../Middlewares/Third_Party/SEGGER/SEGGER/SEGGER_SYSVIEW.c:1614:6:SEGGER_SYSVIEW_RecordU32x5	16	static,ignoring_inline_asm
../Middlewares/Third_Party/SEGGER/SEGGER/SEGGER_SYSVIEW.c:1645:6:SEGGER_SYSVIEW_RecordU32x6	24	static,ignoring_inline_asm
../Middlewares/Third_Party/SEGGER/SEGGER/SEGGER_SYSVIEW.c:1678:6:SEGGER_SYSVIEW_RecordU32x7	24	static,ignoring_inline_asm
../Middlewares/Third_Party/SEGGER/SEGGER/SEGGER_SYSVIEW.c:1713:6:SEGGER_SYSVIEW_RecordU32x8	32	static,ignoring_inline_asm
../Middlewares/Third_Party/SEGGER/SEGGER/SEGGER_SYSVIEW.c:1750:6:SEGGER_SYSVIEW_RecordU32x9	32	static,ignoring_inline_asm
../Middlewares/Third_Party/SEGGER/SEGGER/SEGGER_SYSVIEW.c:1789:6:SEGGER_SYSVIEW_RecordU32x10	40	static,ignoring_inline_asm
../Middlewares/Third_Party/SEGGER/SEGGER/SEGGER_SYSVIEW.c:1824:6:SEGGER_SYSVIEW_RecordString	16	static,ignoring_inline_asm
../Middlewares/Third_Party/SEGGER/SEGGER/SEGGER_SYSVIEW.c:1915:6:SEGGER_SYSVIEW_Stop	16	static,ignoring_inline_asm
../Middlewares/Third_Party/SEGGER/SEGGER/SEGGER_SYSVIEW.c:1945:6:SEGGER_SYSVIEW_GetSysDesc	16	static,ignoring_inline_asm
../Middlewares/Third_Party/SEGGER/SEGGER/SEGGER_SYSVIEW.c:1973:6:SEGGER_SYSVIEW_SendTaskInfo	24	static,ignoring_inline_asm
../Middlewares/Third_Party/SEGGER/SEGGER/SEGGER_SYSVIEW.c:2030:6:SEGGER_SYSVIEW_SampleData	8	static,ignoring_inline_asm
../Middlewares/Third_Party/SEGGER/SEGGER/SEGGER_SYSVIEW.c:2080:6:SEGGER_SYSVIEW_SendSysDesc	16	static,ignoring_inline_asm
../Middlewares/Third_Party/SEGGER/SEGGER/SEGGER_SYSVIEW.c:2122:6:SEGGER_SYSVIEW_RecordEnterISR	8	static,ignoring_inline_asm
../Middlewares/Third_Party/SEGGER/SEGGER/SEGGER_SYSVIEW.c:2189:6:SEGGER_SYSVIEW_RecordEnterTimer	8	static,ignoring_inline_asm
../Middlewares/Third_Party/SEGGER/SEGGER/SEGGER_SYSVIEW.c:2225:6:SEGGER_SYSVIEW_RecordEndCall	8	static,ignoring_inline_asm
../Middlewares/Third_Party/SEGGER/SEGGER/SEGGER_SYSVIEW.c:2247:6:SEGGER_SYSVIEW_RecordEndCallU32	8	static,ignoring_inline_asm
../Middlewares/Third_Party/SEGGER/SEGGER/SEGGER_SYSVIEW.c:2285:6:SEGGER_SYSVIEW_OnTaskCreate	8	static,ignoring_inline_asm
../Middlewares/Third_Party/SEGGER/SEGGER/SEGGER_SYSVIEW.c:2310:6:SEGGER_SYSVIEW_OnTaskTerminate	8	static,ignoring_inline_asm
../Middlewares/Third_Party/SEGGER/SEGGER/SEGGER_SYSVIEW.c:2334:6:SEGGER_SYSVIEW_OnTaskStartExec	8	static,ignoring_inline_asm
../Middlewares/Third_Party/SEGGER/SEGGER/SEGGER_SYSVIEW.c:2372:6:SEGGER_SYSVIEW_OnTaskStartReady	8	static,ignoring_inline_asm
../Middlewares/Third_Party/SEGGER/SEGGER/SEGGER_SYSVIEW.c:2395:6:SEGGER_SYSVIEW_OnTaskStopReady	8	static,ignoring_inline_asm
../Middlewares/Third_Party/SEGGER/SEGGER/SEGGER_SYSVIEW.c:2418:6:SEGGER_SYSVIEW_MarkStart	8	static,ignoring_inline_asm
../Middlewares/Third_Party/SEGGER/SEGGER/SEGGER_SYSVIEW.c:2439:6:SEGGER_SYSVIEW_MarkStop	8	static,ignoring_inline_asm
../Middlewares/Third_Party/SEGGER/SEGGER/SEGGER_SYSVIEW.c:2460:6:SEGGER_SYSVIEW_Mark	8	static,ignoring_inline_asm
../Middlewares/Third_Party/SEGGER/SEGGER/SEGGER_SYSVIEW.c:2487:6:SEGGER_SYSVIEW_NameMarker	16	static,ignoring_inline_asm
../Middlewares/Third_Party/SEGGER/SEGGER/SEGGER_SYSVIEW.c:2515:6:SEGGER_SYSVIEW_NameResource	16	static,ignoring_inline_asm
../Middlewares/Third_Party/SEGGER/SEGGER/SEGGER_SYSVIEW.c:2541:6:SEGGER_SYSVIEW_RegisterData	24	static,ignoring_inline_asm
../Middlewares/Third_Party/SEGGER/SEGGER/SEGGER_SYSVIEW.c:2613:6:SEGGER_SYSVIEW_HeapDefine	16	static,ignoring_inline_asm
../Middlewares/Third_Party/SEGGER/SEGGER/SEGGER_SYSVIEW.c:2662:6:SEGGER_SYSVIEW_HeapAlloc	16	static,ignoring_inline_asm
../Middlewares/Third_Party/SEGGER/SEGGER/SEGGER_SYSVIEW.c:2714:6:SEGGER_SYSVIEW_HeapAllocEx	16	static,ignoring_inline_asm
../Middlewares/Third_Party/SEGGER/SEGGER/SEGGER_SYSVIEW.c:2744:6:SEGGER_SYSVIEW_HeapFree	16	static,ignoring_inline_asm
../Middlewares/Third_Party/SEGGER/SEGGER/SEGGER_SYSVIEW.c:2774:5:SEGGER_SYSVIEW_SendPacket	8	static,ignoring_inline_asm
../Middlewares/Third_Party/SEGGER/SEGGER/SEGGER_SYSVIEW.c:2970:6:SEGGER_SYSVIEW_RecordModuleDescription	16	static,ignoring_inline_asm
../Middlewares/Third_Party/SEGGER/SEGGER/SEGGER_SYSVIEW.c:2932:6:SEGGER_SYSVIEW_RegisterModule	24	static,ignoring_inline_asm
../Middlewares/Third_Party/SEGGER/SEGGER/SEGGER_SYSVIEW.c:953:12:_VPrintHost.isra	96	static,ignoring_inline_asm
../Middlewares/Third_Party/SEGGER/SEGGER/SEGGER_SYSVIEW.c:2098:6:SEGGER_SYSVIEW_RecordSystime	8	static,ignoring_inline_asm
../Middlewares/Third_Party/SEGGER/SEGGER/SEGGER_SYSVIEW.c:1076:13:_PrintUnsigned	48	static
../Middlewares/Third_Party/SEGGER/SEGGER/SEGGER_SYSVIEW.c:1860:6:SEGGER_SYSVIEW_Start	16	static,ignoring_inline_asm
../Middlewares/Third_Party/SEGGER/SEGGER/SEGGER_SYSVIEW.c:1240:13:_VPrintTarget	80	static,ignoring_inline_asm
../Middlewares/Third_Party/SEGGER/SEGGER/SEGGER_SYSVIEW.c:2207:6:SEGGER_SYSVIEW_RecordExitTimer	40	static,ignoring_inline_asm
../Middlewares/Third_Party/SEGGER/SEGGER/SEGGER_SYSVIEW.c:2149:6:SEGGER_SYSVIEW_RecordExitISR	40	static,ignoring_inline_asm
../Middlewares/Third_Party/SEGGER/SEGGER/SEGGER_SYSVIEW.c:2171:6:SEGGER_SYSVIEW_RecordExitISRToScheduler	40	static,ignoring_inline_asm
../Middlewares/Third_Party/SEGGER/SEGGER/SEGGER_SYSVIEW.c:2354:6:SEGGER_SYSVIEW_OnTaskStopExec	40	static,ignoring_inline_asm
../Middlewares/Third_Party/SEGGER/SEGGER/SEGGER_SYSVIEW.c:2266:6:SEGGER_SYSVIEW_OnIdle	40	static,ignoring_inline_asm
../Middlewares/Third_Party/SEGGER/SEGGER/SEGGER_SYSVIEW.c:1490:6:SEGGER_SYSVIEW_RecordVoid	40	static,ignoring_inline_asm
../Middlewares/Third_Party/SEGGER/SEGGER/SEGGER_SYSVIEW.c:3053:6:SEGGER_SYSVIEW_SendModuleDescription	8	static
../Middlewares/Third_Party/SEGGER/SEGGER/SEGGER_SYSVIEW.c:3074:6:SEGGER_SYSVIEW_SendNumModules	40	static,ignoring_inline_asm
../Middlewares/Third_Party/SEGGER/SEGGER/SEGGER_SYSVIEW.c:3101:6:SEGGER_SYSVIEW_PrintfHostEx	12	static
../Middlewares/Third_Party/SEGGER/SEGGER/SEGGER_SYSVIEW.c:3138:6:SEGGER_SYSVIEW_VPrintfHostEx	0	static
../Middlewares/Third_Party/SEGGER/SEGGER/SEGGER_SYSVIEW.c:3168:6:SEGGER_SYSVIEW_PrintfHost	16	static
../Middlewares/Third_Party/SEGGER/SEGGER/SEGGER_SYSVIEW.c:3203:6:SEGGER_SYSVIEW_VPrintfHost	0	static
../Middlewares/Third_Party/SEGGER/SEGGER/SEGGER_SYSVIEW.c:3234:6:SEGGER_SYSVIEW_WarnfHost	16	static
../Middlewares/Third_Party/SEGGER/SEGGER/SEGGER_SYSVIEW.c:3270:6:SEGGER_SYSVIEW_VWarnfHost	0	static
../Middlewares/Third_Party/SEGGER/SEGGER/SEGGER_SYSVIEW.c:3301:6:SEGGER_SYSVIEW_ErrorfHost	16	static
../Middlewares/Third_Party/SEGGER/SEGGER/SEGGER_SYSVIEW.c:3337:6:SEGGER_SYSVIEW_VErrorfHost	0	static
../Middlewares/Third_Party/SEGGER/SEGGER/SEGGER_SYSVIEW.c:3366:6:SEGGER_SYSVIEW_PrintfTargetEx	12	static
../Middlewares/Third_Party/SEGGER/SEGGER/SEGGER_SYSVIEW.c:3387:6:SEGGER_SYSVIEW_VPrintfTargetEx	0	static
../Middlewares/Third_Party/SEGGER/SEGGER/SEGGER_SYSVIEW.c:3402:6:SEGGER_SYSVIEW_PrintfTarget	16	static
../Middlewares/Third_Party/SEGGER/SEGGER/SEGGER_SYSVIEW.c:3422:6:SEGGER_SYSVIEW_VPrintfTarget	0	static
../Middlewares/Third_Party/SEGGER/SEGGER/SEGGER_SYSVIEW.c:3437:6:SEGGER_SYSVIEW_WarnfTarget	16	static
../Middlewares/Third_Party/SEGGER/SEGGER/SEGGER_SYSVIEW.c:3457:6:SEGGER_SYSVIEW_VWarnfTarget	0	static
../Middlewares/Third_Party/SEGGER/SEGGER/SEGGER_SYSVIEW.c:3472:6:SEGGER_SYSVIEW_ErrorfTarget	16	static
../Middlewares/Third_Party/SEGGER/SEGGER/SEGGER_SYSVIEW.c:3492:6:SEGGER_SYSVIEW_VErrorfTarget	0	static
../Middlewares/Third_Party/SEGGER/SEGGER/SEGGER_SYSVIEW.c:3507:6:SEGGER_SYSVIEW_Print	16	static,ignoring_inline_asm
../Middlewares/Third_Party/SEGGER/SEGGER/SEGGER_SYSVIEW.c:3529:6:SEGGER_SYSVIEW_Warn	16	static,ignoring_inline_asm
../Middlewares/Third_Party/SEGGER/SEGGER/SEGGER_SYSVIEW.c:3551:6:SEGGER_SYSVIEW_Error	16	static,ignoring_inline_asm
../Middlewares/Third_Party/SEGGER/SEGGER/SEGGER_SYSVIEW.c:3573:6:SEGGER_SYSVIEW_EnableEvents	0	static
../Middlewares/Third_Party/SEGGER/SEGGER/SEGGER_SYSVIEW.c:3587:6:SEGGER_SYSVIEW_DisableEvents	0	static
../Middlewares/Third_Party/SEGGER/SEGGER/SEGGER_SYSVIEW.c:3602:5:SEGGER_SYSVIEW_IsStarted	16	static
